/Users/navdeep/kite-lab/tasks/om25_rebuild/lib/regime.py:42: FutureWarning: Downcasting object dtype arrays on .fillna, .ffill, .bfill is deprecated and will change in a future version. Call result.infer_objects(copy=False) instead. To opt-in to the future behavior, set `pd.set_option('future.no_silent_downcasting', True)`
  return r.reindex(calendar).ffill() if calendar is not None else r
==================================================================================================================================
A. STOP LEVEL — does the 20% stop pay for the medium-term losses it causes?  (Nifty 250, adopted stack otherwise)
==================================================================================================================================
stop off                               IS 1.12 | OOS  24.5%/1.11/-27% subs 0.43/1.72/1.24 | 3y  28.2%/1.24 | up 1.07 dn 0.65 | mid-hold avg -1.6% | 100 tr/yr
/Users/navdeep/kite-lab/tasks/om25_rebuild/lib/regime.py:42: FutureWarning: Downcasting object dtype arrays on .fillna, .ffill, .bfill is deprecated and will change in a future version. Call result.infer_objects(copy=False) instead. To opt-in to the future behavior, set `pd.set_option('future.no_silent_downcasting', True)`
  return r.reindex(calendar).ffill() if calendar is not None else r
stop 15%                               IS 1.11 | OOS  24.4%/1.11/-27% subs 0.67/1.80/1.00 | 3y  24.2%/1.00 | up 1.10 dn 0.85 | mid-hold avg -1.4% | 136 tr/yr
stop 20%                               IS 1.10 | OOS  25.7%/1.18/-26% subs 0.71/1.73/1.18 | 3y  27.3%/1.18 | up 1.09 dn 0.73 | mid-hold avg -1.9% | 118 tr/yr
/Users/navdeep/kite-lab/tasks/om25_rebuild/lib/regime.py:42: FutureWarning: Downcasting object dtype arrays on .fillna, .ffill, .bfill is deprecated and will change in a future version. Call result.infer_objects(copy=False) instead. To opt-in to the future behavior, set `pd.set_option('future.no_silent_downcasting', True)`
  return r.reindex(calendar).ffill() if calendar is not None else r
stop 25%                               IS 1.12 | OOS  24.8%/1.13/-26% subs 0.61/1.65/1.19 | 3y  27.4%/1.19 | up 1.09 dn 0.73 | mid-hold avg -1.4% | 110 tr/yr
/Users/navdeep/kite-lab/tasks/om25_rebuild/lib/regime.py:42: FutureWarning: Downcasting object dtype arrays on .fillna, .ffill, .bfill is deprecated and will change in a future version. Call result.infer_objects(copy=False) instead. To opt-in to the future behavior, set `pd.set_option('future.no_silent_downcasting', True)`
  return r.reindex(calendar).ffill() if calendar is not None else r
stop 30%                               IS 1.16 | OOS  24.2%/1.09/-26% subs 0.52/1.63/1.18 | 3y  27.2%/1.18 | up 1.06 dn 0.72 | mid-hold avg -2.0% | 105 tr/yr

==================================================================================================================================
B. MULTI-CAP SLOTS — K of 25 reserved for the strongest names outside the Nifty 250, inside the NSE 500
==================================================================================================================================
Nifty 250 only (the adopted stack)     IS 1.10 | OOS  25.7%/1.18/-26% subs 0.71/1.73/1.18 | 3y  27.3%/1.18 | up 1.09 dn 0.73 | mid-hold avg -1.9% | 118 tr/yr
/Users/navdeep/kite-lab/tasks/om25_rebuild/lib/regime.py:42: FutureWarning: Downcasting object dtype arrays on .fillna, .ffill, .bfill is deprecated and will change in a future version. Call result.infer_objects(copy=False) instead. To opt-in to the future behavior, set `pd.set_option('future.no_silent_downcasting', True)`
  return r.reindex(calendar).ffill() if calendar is not None else r
NSE 500 panel, no quota (control)      IS 1.06 | OOS  22.3%/0.91/-36% subs 0.49/1.68/0.72 | 3y  19.9%/0.72 | up 1.10 dn 1.19 | mid-hold avg -1.5% | 144 tr/yr
/Users/navdeep/kite-lab/tasks/om25_rebuild/lib/regime.py:42: FutureWarning: Downcasting object dtype arrays on .fillna, .ffill, .bfill is deprecated and will change in a future version. Call result.infer_objects(copy=False) instead. To opt-in to the future behavior, set `pd.set_option('future.no_silent_downcasting', True)`
  return r.reindex(calendar).ffill() if calendar is not None else r
multi-cap: 22 core + 3 satellite       IS 0.97 | OOS  21.5%/0.96/-27% subs 0.44/1.49/1.01 | 3y  23.1%/1.01 | up 1.04 dn 0.83 | mid-hold avg -3.5% | 109 tr/yr
/Users/navdeep/kite-lab/tasks/om25_rebuild/lib/regime.py:42: FutureWarning: Downcasting object dtype arrays on .fillna, .ffill, .bfill is deprecated and will change in a future version. Call result.infer_objects(copy=False) instead. To opt-in to the future behavior, set `pd.set_option('future.no_silent_downcasting', True)`
  return r.reindex(calendar).ffill() if calendar is not None else r
multi-cap: 20 core + 5 satellite       IS 0.92 | OOS  20.5%/0.89/-30% subs 0.40/1.47/0.86 | 3y  20.4%/0.86 | up 1.01 dn 0.87 | mid-hold avg -3.3% | 114 tr/yr
/Users/navdeep/kite-lab/tasks/om25_rebuild/lib/regime.py:42: FutureWarning: Downcasting object dtype arrays on .fillna, .ffill, .bfill is deprecated and will change in a future version. Call result.infer_objects(copy=False) instead. To opt-in to the future behavior, set `pd.set_option('future.no_silent_downcasting', True)`
  return r.reindex(calendar).ffill() if calendar is not None else r
multi-cap: 17 core + 8 satellite       IS 0.99 | OOS  20.4%/0.89/-32% subs 0.39/1.45/0.89 | 3y  20.9%/0.89 | up 1.02 dn 0.86 | mid-hold avg -3.0% | 118 tr/yr

done
