nifty250 n15 b0 weekly/same: 10.9 / 0.36 / -31.6 trades/yr 258
nifty250 n15 b0 biweekly/same: 12.0 / 0.42 / -27.0 trades/yr 175
nifty250 n15 b0 biweekly/weekly: 12.0 / 0.45 / -27.6 trades/yr 209
nifty250 n15 b0 monthly/same: 18.2 / 0.79 / -24.4 trades/yr 112
nifty250 n15 b10 weekly/same: 15.5 / 0.63 / -27.1 trades/yr 94
nifty250 n15 b10 biweekly/same: 19.0 / 0.84 / -27.0 trades/yr 79
nifty250 n15 b10 biweekly/weekly: 17.4 / 0.76 / -25.9 trades/yr 85
nifty250 n15 b10 monthly/same: 17.3 / 0.75 / -24.0 trades/yr 62
nifty250 n15 b20 weekly/same: 19.3 / 0.86 / -25.6 trades/yr 60
nifty250 n15 b20 biweekly/same: 16.7 / 0.70 / -28.4 trades/yr 57
nifty250 n15 b20 biweekly/weekly: 20.4 / 0.94 / -25.7 trades/yr 59
nifty250 n15 b20 monthly/same: 16.2 / 0.67 / -27.1 trades/yr 52
nifty250 n20 b0 weekly/same: 12.2 / 0.45 / -27.5 trades/yr 327
nifty250 n20 b0 biweekly/same: 14.0 / 0.57 / -27.6 trades/yr 228
nifty250 n20 b0 biweekly/weekly: 12.4 / 0.50 / -26.1 trades/yr 275
nifty250 n20 b0 monthly/same: 18.0 / 0.82 / -23.2 trades/yr 141
nifty250 n20 b10 weekly/same: 17.4 / 0.77 / -26.7 trades/yr 122
nifty250 n20 b10 biweekly/same: 16.7 / 0.73 / -26.3 trades/yr 106
nifty250 n20 b10 biweekly/weekly: 17.6 / 0.80 / -24.3 trades/yr 116
nifty250 n20 b10 monthly/same: 17.2 / 0.77 / -25.0 trades/yr 82
nifty250 n20 b20 weekly/same: 16.5 / 0.72 / -26.4 trades/yr 80
nifty250 n20 b20 biweekly/same: 16.2 / 0.70 / -27.2 trades/yr 75
nifty250 n20 b20 biweekly/weekly: 17.8 / 0.82 / -26.1 trades/yr 78
nifty250 n20 b20 monthly/same: 17.4 / 0.79 / -25.6 trades/yr 64
nifty250 n25 b0 weekly/same: 13.9 / 0.57 / -26.8 trades/yr 371
nifty250 n25 b0 biweekly/same: 15.9 / 0.71 / -26.8 trades/yr 259
nifty250 n25 b0 biweekly/weekly: 14.5 / 0.66 / -25.2 trades/yr 313
nifty250 n25 b0 monthly/same: 18.3 / 0.86 / -23.2 trades/yr 163
nifty250 n25 b10 weekly/same: 20.1 / 0.97 / -25.2 trades/yr 149
nifty250 n25 b10 biweekly/same: 18.1 / 0.85 / -25.0 trades/yr 127
nifty250 n25 b10 biweekly/weekly: 18.4 / 0.89 / -25.1 trades/yr 144
nifty250 n25 b10 monthly/same: 19.1 / 0.92 / -24.6 trades/yr 101
nifty250 n25 b20 weekly/same: 17.8 / 0.83 / -24.0 trades/yr 100
nifty250 n25 b20 biweekly/same: 17.2 / 0.79 / -25.7 trades/yr 89
nifty250 n25 b20 biweekly/weekly: 17.8 / 0.85 / -24.9 trades/yr 97
nifty250 n25 b20 monthly/same: 19.6 / 0.96 / -22.1 trades/yr 78
nse500 n15 b0 weekly/same: 17.6 / 0.65 / -28.9 trades/yr 369
nse500 n15 b0 biweekly/same: 19.3 / 0.74 / -27.7 trades/yr 250
nse500 n15 b0 biweekly/weekly: 18.4 / 0.77 / -29.3 trades/yr 290
nse500 n15 b0 monthly/same: 17.0 / 0.62 / -30.4 trades/yr 171
nse500 n15 b10 weekly/same: 20.0 / 0.77 / -30.2 trades/yr 181
nse500 n15 b10 biweekly/same: 20.3 / 0.79 / -30.4 trades/yr 152
nse500 n15 b10 biweekly/weekly: 19.2 / 0.78 / -30.4 trades/yr 168
nse500 n15 b10 monthly/same: 23.1 / 0.92 / -30.7 trades/yr 122
nse500 n15 b20 weekly/same: 22.7 / 0.91 / -30.6 trades/yr 130
nse500 n15 b20 biweekly/same: 21.6 / 0.85 / -32.7 trades/yr 124
nse500 n15 b20 biweekly/weekly: 22.3 / 0.92 / -30.5 trades/yr 128
nse500 n15 b20 monthly/same: 22.0 / 0.86 / -30.3 trades/yr 102
nse500 n20 b0 weekly/same: 17.5 / 0.67 / -28.3 trades/yr 460
nse500 n20 b0 biweekly/same: 17.8 / 0.69 / -28.3 trades/yr 321
nse500 n20 b0 biweekly/weekly: 17.0 / 0.71 / -27.7 trades/yr 366
nse500 n20 b0 monthly/same: 21.5 / 0.88 / -29.3 trades/yr 216
nse500 n20 b10 weekly/same: 19.7 / 0.79 / -28.5 trades/yr 244
nse500 n20 b10 biweekly/same: 20.2 / 0.81 / -29.1 trades/yr 208
nse500 n20 b10 biweekly/weekly: 18.5 / 0.76 / -29.0 trades/yr 230
nse500 n20 b10 monthly/same: 21.0 / 0.85 / -29.7 trades/yr 163
nse500 n20 b20 weekly/same: 23.3 / 0.97 / -30.7 trades/yr 176
nse500 n20 b20 biweekly/same: 23.0 / 0.97 / -29.0 trades/yr 159
nse500 n20 b20 biweekly/weekly: 22.9 / 1.01 / -27.8 trades/yr 169
nse500 n20 b20 monthly/same: 25.4 / 1.10 / -28.1 trades/yr 132
nse500 n25 b0 weekly/same: 14.8 / 0.54 / -28.8 trades/yr 566
nse500 n25 b0 biweekly/same: 19.2 / 0.78 / -27.7 trades/yr 382
nse500 n25 b0 biweekly/weekly: 16.9 / 0.71 / -25.9 trades/yr 448
nse500 n25 b0 monthly/same: 22.5 / 0.96 / -27.8 trades/yr 262
nse500 n25 b10 weekly/same: 21.4 / 0.90 / -28.0 trades/yr 313
nse500 n25 b10 biweekly/same: 22.7 / 0.96 / -27.0 trades/yr 254
nse500 n25 b10 biweekly/weekly: 23.2 / 1.04 / -25.5 trades/yr 283
nse500 n25 b10 monthly/same: 23.2 / 1.00 / -28.6 trades/yr 200
nse500 n25 b20 weekly/same: 23.2 / 0.99 / -26.9 trades/yr 226
nse500 n25 b20 biweekly/same: 23.0 / 0.99 / -28.4 trades/yr 206
nse500 n25 b20 biweekly/weekly: 22.2 / 0.98 / -28.4 trades/yr 217
nse500 n25 b20 monthly/same: 24.1 / 1.05 / -28.3 trades/yr 167
done
