/Users/navdeep/kite-lab/tasks/om25_rebuild/lib/regime.py:42: FutureWarning: Downcasting object dtype arrays on .fillna, .ffill, .bfill is deprecated and will change in a future version. Call result.infer_objects(copy=False) instead. To opt-in to the future behavior, set `pd.set_option('future.no_silent_downcasting', True)`
  return r.reindex(calendar).ffill() if calendar is not None else r
nifty250 3d tilt ROC15/c2: 18.1 / 0.81 / -26.0
/Users/navdeep/kite-lab/tasks/om25_rebuild/lib/regime.py:42: FutureWarning: Downcasting object dtype arrays on .fillna, .ffill, .bfill is deprecated and will change in a future version. Call result.infer_objects(copy=False) instead. To opt-in to the future behavior, set `pd.set_option('future.no_silent_downcasting', True)`
  return r.reindex(calendar).ffill() if calendar is not None else r
nifty250 3e overlay ROC15/c2 bear0.5: 10.4 / 0.62 / -12.0
/Users/navdeep/kite-lab/tasks/om25_rebuild/lib/regime.py:42: FutureWarning: Downcasting object dtype arrays on .fillna, .ffill, .bfill is deprecated and will change in a future version. Call result.infer_objects(copy=False) instead. To opt-in to the future behavior, set `pd.set_option('future.no_silent_downcasting', True)`
  return r.reindex(calendar).ffill() if calendar is not None else r
nifty250 3e overlay ROC15/c2 bear0.0: 5.4 / 0.04 / -23.5
/Users/navdeep/kite-lab/tasks/om25_rebuild/lib/regime.py:42: FutureWarning: Downcasting object dtype arrays on .fillna, .ffill, .bfill is deprecated and will change in a future version. Call result.infer_objects(copy=False) instead. To opt-in to the future behavior, set `pd.set_option('future.no_silent_downcasting', True)`
  return r.reindex(calendar).ffill() if calendar is not None else r
nifty250 3d tilt ROC15/c3: 18.0 / 0.80 / -24.1
/Users/navdeep/kite-lab/tasks/om25_rebuild/lib/regime.py:42: FutureWarning: Downcasting object dtype arrays on .fillna, .ffill, .bfill is deprecated and will change in a future version. Call result.infer_objects(copy=False) instead. To opt-in to the future behavior, set `pd.set_option('future.no_silent_downcasting', True)`
  return r.reindex(calendar).ffill() if calendar is not None else r
nifty250 3e overlay ROC15/c3 bear0.5: 9.3 / 0.48 / -11.1
/Users/navdeep/kite-lab/tasks/om25_rebuild/lib/regime.py:42: FutureWarning: Downcasting object dtype arrays on .fillna, .ffill, .bfill is deprecated and will change in a future version. Call result.infer_objects(copy=False) instead. To opt-in to the future behavior, set `pd.set_option('future.no_silent_downcasting', True)`
  return r.reindex(calendar).ffill() if calendar is not None else r
nifty250 3e overlay ROC15/c3 bear0.0: 8.9 / 0.37 / -21.4
/Users/navdeep/kite-lab/tasks/om25_rebuild/lib/regime.py:42: FutureWarning: Downcasting object dtype arrays on .fillna, .ffill, .bfill is deprecated and will change in a future version. Call result.infer_objects(copy=False) instead. To opt-in to the future behavior, set `pd.set_option('future.no_silent_downcasting', True)`
  return r.reindex(calendar).ffill() if calendar is not None else r
nifty250 3d tilt ROC15/c5: 18.0 / 0.79 / -26.3
/Users/navdeep/kite-lab/tasks/om25_rebuild/lib/regime.py:42: FutureWarning: Downcasting object dtype arrays on .fillna, .ffill, .bfill is deprecated and will change in a future version. Call result.infer_objects(copy=False) instead. To opt-in to the future behavior, set `pd.set_option('future.no_silent_downcasting', True)`
  return r.reindex(calendar).ffill() if calendar is not None else r
nifty250 3e overlay ROC15/c5 bear0.5: 12.4 / 0.78 / -11.8
/Users/navdeep/kite-lab/tasks/om25_rebuild/lib/regime.py:42: FutureWarning: Downcasting object dtype arrays on .fillna, .ffill, .bfill is deprecated and will change in a future version. Call result.infer_objects(copy=False) instead. To opt-in to the future behavior, set `pd.set_option('future.no_silent_downcasting', True)`
  return r.reindex(calendar).ffill() if calendar is not None else r
nifty250 3e overlay ROC15/c5 bear0.0: 7.6 / 0.24 / -18.0
/Users/navdeep/kite-lab/tasks/om25_rebuild/lib/regime.py:42: FutureWarning: Downcasting object dtype arrays on .fillna, .ffill, .bfill is deprecated and will change in a future version. Call result.infer_objects(copy=False) instead. To opt-in to the future behavior, set `pd.set_option('future.no_silent_downcasting', True)`
  return r.reindex(calendar).ffill() if calendar is not None else r
nifty250 3d tilt ROC21/c2: 17.3 / 0.76 / -26.5
/Users/navdeep/kite-lab/tasks/om25_rebuild/lib/regime.py:42: FutureWarning: Downcasting object dtype arrays on .fillna, .ffill, .bfill is deprecated and will change in a future version. Call result.infer_objects(copy=False) instead. To opt-in to the future behavior, set `pd.set_option('future.no_silent_downcasting', True)`
  return r.reindex(calendar).ffill() if calendar is not None else r
nifty250 3e overlay ROC21/c2 bear0.5: 11.5 / 0.75 / -11.4
/Users/navdeep/kite-lab/tasks/om25_rebuild/lib/regime.py:42: FutureWarning: Downcasting object dtype arrays on .fillna, .ffill, .bfill is deprecated and will change in a future version. Call result.infer_objects(copy=False) instead. To opt-in to the future behavior, set `pd.set_option('future.no_silent_downcasting', True)`
  return r.reindex(calendar).ffill() if calendar is not None else r
nifty250 3e overlay ROC21/c2 bear0.0: 9.3 / 0.45 / -11.9
/Users/navdeep/kite-lab/tasks/om25_rebuild/lib/regime.py:42: FutureWarning: Downcasting object dtype arrays on .fillna, .ffill, .bfill is deprecated and will change in a future version. Call result.infer_objects(copy=False) instead. To opt-in to the future behavior, set `pd.set_option('future.no_silent_downcasting', True)`
  return r.reindex(calendar).ffill() if calendar is not None else r
nifty250 3d tilt ROC21/c3: 17.7 / 0.77 / -26.5
/Users/navdeep/kite-lab/tasks/om25_rebuild/lib/regime.py:42: FutureWarning: Downcasting object dtype arrays on .fillna, .ffill, .bfill is deprecated and will change in a future version. Call result.infer_objects(copy=False) instead. To opt-in to the future behavior, set `pd.set_option('future.no_silent_downcasting', True)`
  return r.reindex(calendar).ffill() if calendar is not None else r
nifty250 3e overlay ROC21/c3 bear0.5: 11.8 / 0.75 / -12.3
/Users/navdeep/kite-lab/tasks/om25_rebuild/lib/regime.py:42: FutureWarning: Downcasting object dtype arrays on .fillna, .ffill, .bfill is deprecated and will change in a future version. Call result.infer_objects(copy=False) instead. To opt-in to the future behavior, set `pd.set_option('future.no_silent_downcasting', True)`
  return r.reindex(calendar).ffill() if calendar is not None else r
nifty250 3e overlay ROC21/c3 bear0.0: 9.1 / 0.42 / -15.2
/Users/navdeep/kite-lab/tasks/om25_rebuild/lib/regime.py:42: FutureWarning: Downcasting object dtype arrays on .fillna, .ffill, .bfill is deprecated and will change in a future version. Call result.infer_objects(copy=False) instead. To opt-in to the future behavior, set `pd.set_option('future.no_silent_downcasting', True)`
  return r.reindex(calendar).ffill() if calendar is not None else r
nifty250 3d tilt ROC21/c5: 17.5 / 0.75 / -26.7
/Users/navdeep/kite-lab/tasks/om25_rebuild/lib/regime.py:42: FutureWarning: Downcasting object dtype arrays on .fillna, .ffill, .bfill is deprecated and will change in a future version. Call result.infer_objects(copy=False) instead. To opt-in to the future behavior, set `pd.set_option('future.no_silent_downcasting', True)`
  return r.reindex(calendar).ffill() if calendar is not None else r
nifty250 3e overlay ROC21/c5 bear0.5: 11.2 / 0.69 / -14.1
/Users/navdeep/kite-lab/tasks/om25_rebuild/lib/regime.py:42: FutureWarning: Downcasting object dtype arrays on .fillna, .ffill, .bfill is deprecated and will change in a future version. Call result.infer_objects(copy=False) instead. To opt-in to the future behavior, set `pd.set_option('future.no_silent_downcasting', True)`
  return r.reindex(calendar).ffill() if calendar is not None else r
nifty250 3e overlay ROC21/c5 bear0.0: 10.2 / 0.53 / -21.4
/Users/navdeep/kite-lab/tasks/om25_rebuild/lib/regime.py:42: FutureWarning: Downcasting object dtype arrays on .fillna, .ffill, .bfill is deprecated and will change in a future version. Call result.infer_objects(copy=False) instead. To opt-in to the future behavior, set `pd.set_option('future.no_silent_downcasting', True)`
  return r.reindex(calendar).ffill() if calendar is not None else r
nifty250 3d tilt ROC31/c2: 17.7 / 0.77 / -27.1
/Users/navdeep/kite-lab/tasks/om25_rebuild/lib/regime.py:42: FutureWarning: Downcasting object dtype arrays on .fillna, .ffill, .bfill is deprecated and will change in a future version. Call result.infer_objects(copy=False) instead. To opt-in to the future behavior, set `pd.set_option('future.no_silent_downcasting', True)`
  return r.reindex(calendar).ffill() if calendar is not None else r
nifty250 3e overlay ROC31/c2 bear0.5: 14.1 / 0.95 / -12.2
/Users/navdeep/kite-lab/tasks/om25_rebuild/lib/regime.py:42: FutureWarning: Downcasting object dtype arrays on .fillna, .ffill, .bfill is deprecated and will change in a future version. Call result.infer_objects(copy=False) instead. To opt-in to the future behavior, set `pd.set_option('future.no_silent_downcasting', True)`
  return r.reindex(calendar).ffill() if calendar is not None else r
nifty250 3e overlay ROC31/c2 bear0.0: 11.3 / 0.61 / -18.4
/Users/navdeep/kite-lab/tasks/om25_rebuild/lib/regime.py:42: FutureWarning: Downcasting object dtype arrays on .fillna, .ffill, .bfill is deprecated and will change in a future version. Call result.infer_objects(copy=False) instead. To opt-in to the future behavior, set `pd.set_option('future.no_silent_downcasting', True)`
  return r.reindex(calendar).ffill() if calendar is not None else r
nifty250 3d tilt ROC31/c3: 17.5 / 0.76 / -27.1
/Users/navdeep/kite-lab/tasks/om25_rebuild/lib/regime.py:42: FutureWarning: Downcasting object dtype arrays on .fillna, .ffill, .bfill is deprecated and will change in a future version. Call result.infer_objects(copy=False) instead. To opt-in to the future behavior, set `pd.set_option('future.no_silent_downcasting', True)`
  return r.reindex(calendar).ffill() if calendar is not None else r
nifty250 3e overlay ROC31/c3 bear0.5: 13.7 / 0.89 / -12.2
/Users/navdeep/kite-lab/tasks/om25_rebuild/lib/regime.py:42: FutureWarning: Downcasting object dtype arrays on .fillna, .ffill, .bfill is deprecated and will change in a future version. Call result.infer_objects(copy=False) instead. To opt-in to the future behavior, set `pd.set_option('future.no_silent_downcasting', True)`
  return r.reindex(calendar).ffill() if calendar is not None else r
nifty250 3e overlay ROC31/c3 bear0.0: 12.7 / 0.73 / -14.6
/Users/navdeep/kite-lab/tasks/om25_rebuild/lib/regime.py:42: FutureWarning: Downcasting object dtype arrays on .fillna, .ffill, .bfill is deprecated and will change in a future version. Call result.infer_objects(copy=False) instead. To opt-in to the future behavior, set `pd.set_option('future.no_silent_downcasting', True)`
  return r.reindex(calendar).ffill() if calendar is not None else r
nifty250 3d tilt ROC31/c5: 18.0 / 0.79 / -26.5
/Users/navdeep/kite-lab/tasks/om25_rebuild/lib/regime.py:42: FutureWarning: Downcasting object dtype arrays on .fillna, .ffill, .bfill is deprecated and will change in a future version. Call result.infer_objects(copy=False) instead. To opt-in to the future behavior, set `pd.set_option('future.no_silent_downcasting', True)`
  return r.reindex(calendar).ffill() if calendar is not None else r
nifty250 3e overlay ROC31/c5 bear0.5: 13.9 / 0.90 / -13.9
/Users/navdeep/kite-lab/tasks/om25_rebuild/lib/regime.py:42: FutureWarning: Downcasting object dtype arrays on .fillna, .ffill, .bfill is deprecated and will change in a future version. Call result.infer_objects(copy=False) instead. To opt-in to the future behavior, set `pd.set_option('future.no_silent_downcasting', True)`
  return r.reindex(calendar).ffill() if calendar is not None else r
nifty250 3e overlay ROC31/c5 bear0.0: 12.6 / 0.74 / -13.9
/Users/navdeep/kite-lab/tasks/om25_rebuild/lib/regime.py:42: FutureWarning: Downcasting object dtype arrays on .fillna, .ffill, .bfill is deprecated and will change in a future version. Call result.infer_objects(copy=False) instead. To opt-in to the future behavior, set `pd.set_option('future.no_silent_downcasting', True)`
  return r.reindex(calendar).ffill() if calendar is not None else r
nifty250 3d tilt ROC42/c2: 17.2 / 0.75 / -25.5
/Users/navdeep/kite-lab/tasks/om25_rebuild/lib/regime.py:42: FutureWarning: Downcasting object dtype arrays on .fillna, .ffill, .bfill is deprecated and will change in a future version. Call result.infer_objects(copy=False) instead. To opt-in to the future behavior, set `pd.set_option('future.no_silent_downcasting', True)`
  return r.reindex(calendar).ffill() if calendar is not None else r
nifty250 3e overlay ROC42/c2 bear0.5: 12.6 / 0.80 / -12.6
/Users/navdeep/kite-lab/tasks/om25_rebuild/lib/regime.py:42: FutureWarning: Downcasting object dtype arrays on .fillna, .ffill, .bfill is deprecated and will change in a future version. Call result.infer_objects(copy=False) instead. To opt-in to the future behavior, set `pd.set_option('future.no_silent_downcasting', True)`
  return r.reindex(calendar).ffill() if calendar is not None else r
nifty250 3e overlay ROC42/c2 bear0.0: 11.2 / 0.58 / -19.9
/Users/navdeep/kite-lab/tasks/om25_rebuild/lib/regime.py:42: FutureWarning: Downcasting object dtype arrays on .fillna, .ffill, .bfill is deprecated and will change in a future version. Call result.infer_objects(copy=False) instead. To opt-in to the future behavior, set `pd.set_option('future.no_silent_downcasting', True)`
  return r.reindex(calendar).ffill() if calendar is not None else r
nifty250 3d tilt ROC42/c3: 17.0 / 0.73 / -26.5
/Users/navdeep/kite-lab/tasks/om25_rebuild/lib/regime.py:42: FutureWarning: Downcasting object dtype arrays on .fillna, .ffill, .bfill is deprecated and will change in a future version. Call result.infer_objects(copy=False) instead. To opt-in to the future behavior, set `pd.set_option('future.no_silent_downcasting', True)`
  return r.reindex(calendar).ffill() if calendar is not None else r
nifty250 3e overlay ROC42/c3 bear0.5: 12.2 / 0.76 / -14.5
/Users/navdeep/kite-lab/tasks/om25_rebuild/lib/regime.py:42: FutureWarning: Downcasting object dtype arrays on .fillna, .ffill, .bfill is deprecated and will change in a future version. Call result.infer_objects(copy=False) instead. To opt-in to the future behavior, set `pd.set_option('future.no_silent_downcasting', True)`
  return r.reindex(calendar).ffill() if calendar is not None else r
nifty250 3e overlay ROC42/c3 bear0.0: 12.2 / 0.67 / -13.6
/Users/navdeep/kite-lab/tasks/om25_rebuild/lib/regime.py:42: FutureWarning: Downcasting object dtype arrays on .fillna, .ffill, .bfill is deprecated and will change in a future version. Call result.infer_objects(copy=False) instead. To opt-in to the future behavior, set `pd.set_option('future.no_silent_downcasting', True)`
  return r.reindex(calendar).ffill() if calendar is not None else r
nifty250 3d tilt ROC42/c5: 17.1 / 0.73 / -25.7
/Users/navdeep/kite-lab/tasks/om25_rebuild/lib/regime.py:42: FutureWarning: Downcasting object dtype arrays on .fillna, .ffill, .bfill is deprecated and will change in a future version. Call result.infer_objects(copy=False) instead. To opt-in to the future behavior, set `pd.set_option('future.no_silent_downcasting', True)`
  return r.reindex(calendar).ffill() if calendar is not None else r
nifty250 3e overlay ROC42/c5 bear0.5: 12.9 / 0.76 / -17.5
/Users/navdeep/kite-lab/tasks/om25_rebuild/lib/regime.py:42: FutureWarning: Downcasting object dtype arrays on .fillna, .ffill, .bfill is deprecated and will change in a future version. Call result.infer_objects(copy=False) instead. To opt-in to the future behavior, set `pd.set_option('future.no_silent_downcasting', True)`
  return r.reindex(calendar).ffill() if calendar is not None else r
nifty250 3e overlay ROC42/c5 bear0.0: 12.4 / 0.66 / -14.2
/Users/navdeep/kite-lab/tasks/om25_rebuild/lib/regime.py:42: FutureWarning: Downcasting object dtype arrays on .fillna, .ffill, .bfill is deprecated and will change in a future version. Call result.infer_objects(copy=False) instead. To opt-in to the future behavior, set `pd.set_option('future.no_silent_downcasting', True)`
  return r.reindex(calendar).ffill() if calendar is not None else r
nse500 3d tilt ROC15/c2: 21.0 / 0.84 / -28.8
/Users/navdeep/kite-lab/tasks/om25_rebuild/lib/regime.py:42: FutureWarning: Downcasting object dtype arrays on .fillna, .ffill, .bfill is deprecated and will change in a future version. Call result.infer_objects(copy=False) instead. To opt-in to the future behavior, set `pd.set_option('future.no_silent_downcasting', True)`
  return r.reindex(calendar).ffill() if calendar is not None else r
nse500 3e overlay ROC15/c2 bear0.5: 14.8 / 0.91 / -15.5
/Users/navdeep/kite-lab/tasks/om25_rebuild/lib/regime.py:42: FutureWarning: Downcasting object dtype arrays on .fillna, .ffill, .bfill is deprecated and will change in a future version. Call result.infer_objects(copy=False) instead. To opt-in to the future behavior, set `pd.set_option('future.no_silent_downcasting', True)`
  return r.reindex(calendar).ffill() if calendar is not None else r
nse500 3e overlay ROC15/c2 bear0.0: 9.9 / 0.39 / -26.2
/Users/navdeep/kite-lab/tasks/om25_rebuild/lib/regime.py:42: FutureWarning: Downcasting object dtype arrays on .fillna, .ffill, .bfill is deprecated and will change in a future version. Call result.infer_objects(copy=False) instead. To opt-in to the future behavior, set `pd.set_option('future.no_silent_downcasting', True)`
  return r.reindex(calendar).ffill() if calendar is not None else r
nse500 3d tilt ROC15/c3: 19.0 / 0.73 / -32.2
/Users/navdeep/kite-lab/tasks/om25_rebuild/lib/regime.py:42: FutureWarning: Downcasting object dtype arrays on .fillna, .ffill, .bfill is deprecated and will change in a future version. Call result.infer_objects(copy=False) instead. To opt-in to the future behavior, set `pd.set_option('future.no_silent_downcasting', True)`
  return r.reindex(calendar).ffill() if calendar is not None else r
nse500 3e overlay ROC15/c3 bear0.5: 14.2 / 0.84 / -15.8
/Users/navdeep/kite-lab/tasks/om25_rebuild/lib/regime.py:42: FutureWarning: Downcasting object dtype arrays on .fillna, .ffill, .bfill is deprecated and will change in a future version. Call result.infer_objects(copy=False) instead. To opt-in to the future behavior, set `pd.set_option('future.no_silent_downcasting', True)`
  return r.reindex(calendar).ffill() if calendar is not None else r
nse500 3e overlay ROC15/c3 bear0.0: 11.3 / 0.48 / -27.8
/Users/navdeep/kite-lab/tasks/om25_rebuild/lib/regime.py:42: FutureWarning: Downcasting object dtype arrays on .fillna, .ffill, .bfill is deprecated and will change in a future version. Call result.infer_objects(copy=False) instead. To opt-in to the future behavior, set `pd.set_option('future.no_silent_downcasting', True)`
  return r.reindex(calendar).ffill() if calendar is not None else r
nse500 3d tilt ROC15/c5: 20.3 / 0.79 / -32.9
/Users/navdeep/kite-lab/tasks/om25_rebuild/lib/regime.py:42: FutureWarning: Downcasting object dtype arrays on .fillna, .ffill, .bfill is deprecated and will change in a future version. Call result.infer_objects(copy=False) instead. To opt-in to the future behavior, set `pd.set_option('future.no_silent_downcasting', True)`
  return r.reindex(calendar).ffill() if calendar is not None else r
nse500 3e overlay ROC15/c5 bear0.5: 15.9 / 0.88 / -16.1
/Users/navdeep/kite-lab/tasks/om25_rebuild/lib/regime.py:42: FutureWarning: Downcasting object dtype arrays on .fillna, .ffill, .bfill is deprecated and will change in a future version. Call result.infer_objects(copy=False) instead. To opt-in to the future behavior, set `pd.set_option('future.no_silent_downcasting', True)`
  return r.reindex(calendar).ffill() if calendar is not None else r
nse500 3e overlay ROC15/c5 bear0.0: 13.1 / 0.62 / -24.3
/Users/navdeep/kite-lab/tasks/om25_rebuild/lib/regime.py:42: FutureWarning: Downcasting object dtype arrays on .fillna, .ffill, .bfill is deprecated and will change in a future version. Call result.infer_objects(copy=False) instead. To opt-in to the future behavior, set `pd.set_option('future.no_silent_downcasting', True)`
  return r.reindex(calendar).ffill() if calendar is not None else r
nse500 3d tilt ROC21/c2: 17.4 / 0.64 / -32.2
/Users/navdeep/kite-lab/tasks/om25_rebuild/lib/regime.py:42: FutureWarning: Downcasting object dtype arrays on .fillna, .ffill, .bfill is deprecated and will change in a future version. Call result.infer_objects(copy=False) instead. To opt-in to the future behavior, set `pd.set_option('future.no_silent_downcasting', True)`
  return r.reindex(calendar).ffill() if calendar is not None else r
nse500 3e overlay ROC21/c2 bear0.5: 14.4 / 0.87 / -14.6
/Users/navdeep/kite-lab/tasks/om25_rebuild/lib/regime.py:42: FutureWarning: Downcasting object dtype arrays on .fillna, .ffill, .bfill is deprecated and will change in a future version. Call result.infer_objects(copy=False) instead. To opt-in to the future behavior, set `pd.set_option('future.no_silent_downcasting', True)`
  return r.reindex(calendar).ffill() if calendar is not None else r
nse500 3e overlay ROC21/c2 bear0.0: 12.7 / 0.66 / -14.4
/Users/navdeep/kite-lab/tasks/om25_rebuild/lib/regime.py:42: FutureWarning: Downcasting object dtype arrays on .fillna, .ffill, .bfill is deprecated and will change in a future version. Call result.infer_objects(copy=False) instead. To opt-in to the future behavior, set `pd.set_option('future.no_silent_downcasting', True)`
  return r.reindex(calendar).ffill() if calendar is not None else r
nse500 3d tilt ROC21/c3: 19.7 / 0.75 / -32.2
/Users/navdeep/kite-lab/tasks/om25_rebuild/lib/regime.py:42: FutureWarning: Downcasting object dtype arrays on .fillna, .ffill, .bfill is deprecated and will change in a future version. Call result.infer_objects(copy=False) instead. To opt-in to the future behavior, set `pd.set_option('future.no_silent_downcasting', True)`
  return r.reindex(calendar).ffill() if calendar is not None else r
nse500 3e overlay ROC21/c3 bear0.5: 17.0 / 1.05 / -16.2
/Users/navdeep/kite-lab/tasks/om25_rebuild/lib/regime.py:42: FutureWarning: Downcasting object dtype arrays on .fillna, .ffill, .bfill is deprecated and will change in a future version. Call result.infer_objects(copy=False) instead. To opt-in to the future behavior, set `pd.set_option('future.no_silent_downcasting', True)`
  return r.reindex(calendar).ffill() if calendar is not None else r
nse500 3e overlay ROC21/c3 bear0.0: 13.9 / 0.75 / -16.2
/Users/navdeep/kite-lab/tasks/om25_rebuild/lib/regime.py:42: FutureWarning: Downcasting object dtype arrays on .fillna, .ffill, .bfill is deprecated and will change in a future version. Call result.infer_objects(copy=False) instead. To opt-in to the future behavior, set `pd.set_option('future.no_silent_downcasting', True)`
  return r.reindex(calendar).ffill() if calendar is not None else r
nse500 3d tilt ROC21/c5: 16.3 / 0.58 / -33.9
/Users/navdeep/kite-lab/tasks/om25_rebuild/lib/regime.py:42: FutureWarning: Downcasting object dtype arrays on .fillna, .ffill, .bfill is deprecated and will change in a future version. Call result.infer_objects(copy=False) instead. To opt-in to the future behavior, set `pd.set_option('future.no_silent_downcasting', True)`
  return r.reindex(calendar).ffill() if calendar is not None else r
nse500 3e overlay ROC21/c5 bear0.5: 16.0 / 0.96 / -17.9
/Users/navdeep/kite-lab/tasks/om25_rebuild/lib/regime.py:42: FutureWarning: Downcasting object dtype arrays on .fillna, .ffill, .bfill is deprecated and will change in a future version. Call result.infer_objects(copy=False) instead. To opt-in to the future behavior, set `pd.set_option('future.no_silent_downcasting', True)`
  return r.reindex(calendar).ffill() if calendar is not None else r
nse500 3e overlay ROC21/c5 bear0.0: 12.7 / 0.64 / -20.8
/Users/navdeep/kite-lab/tasks/om25_rebuild/lib/regime.py:42: FutureWarning: Downcasting object dtype arrays on .fillna, .ffill, .bfill is deprecated and will change in a future version. Call result.infer_objects(copy=False) instead. To opt-in to the future behavior, set `pd.set_option('future.no_silent_downcasting', True)`
  return r.reindex(calendar).ffill() if calendar is not None else r
nse500 3d tilt ROC31/c2: 18.6 / 0.70 / -31.5
/Users/navdeep/kite-lab/tasks/om25_rebuild/lib/regime.py:42: FutureWarning: Downcasting object dtype arrays on .fillna, .ffill, .bfill is deprecated and will change in a future version. Call result.infer_objects(copy=False) instead. To opt-in to the future behavior, set `pd.set_option('future.no_silent_downcasting', True)`
  return r.reindex(calendar).ffill() if calendar is not None else r
nse500 3e overlay ROC31/c2 bear0.5: 17.0 / 0.96 / -17.6
/Users/navdeep/kite-lab/tasks/om25_rebuild/lib/regime.py:42: FutureWarning: Downcasting object dtype arrays on .fillna, .ffill, .bfill is deprecated and will change in a future version. Call result.infer_objects(copy=False) instead. To opt-in to the future behavior, set `pd.set_option('future.no_silent_downcasting', True)`
  return r.reindex(calendar).ffill() if calendar is not None else r
nse500 3e overlay ROC31/c2 bear0.0: 11.6 / 0.52 / -21.9
/Users/navdeep/kite-lab/tasks/om25_rebuild/lib/regime.py:42: FutureWarning: Downcasting object dtype arrays on .fillna, .ffill, .bfill is deprecated and will change in a future version. Call result.infer_objects(copy=False) instead. To opt-in to the future behavior, set `pd.set_option('future.no_silent_downcasting', True)`
  return r.reindex(calendar).ffill() if calendar is not None else r
nse500 3d tilt ROC31/c3: 18.6 / 0.70 / -32.5
/Users/navdeep/kite-lab/tasks/om25_rebuild/lib/regime.py:42: FutureWarning: Downcasting object dtype arrays on .fillna, .ffill, .bfill is deprecated and will change in a future version. Call result.infer_objects(copy=False) instead. To opt-in to the future behavior, set `pd.set_option('future.no_silent_downcasting', True)`
  return r.reindex(calendar).ffill() if calendar is not None else r
nse500 3e overlay ROC31/c3 bear0.5: 16.8 / 0.92 / -17.5
/Users/navdeep/kite-lab/tasks/om25_rebuild/lib/regime.py:42: FutureWarning: Downcasting object dtype arrays on .fillna, .ffill, .bfill is deprecated and will change in a future version. Call result.infer_objects(copy=False) instead. To opt-in to the future behavior, set `pd.set_option('future.no_silent_downcasting', True)`
  return r.reindex(calendar).ffill() if calendar is not None else r
nse500 3e overlay ROC31/c3 bear0.0: 13.2 / 0.63 / -17.1
/Users/navdeep/kite-lab/tasks/om25_rebuild/lib/regime.py:42: FutureWarning: Downcasting object dtype arrays on .fillna, .ffill, .bfill is deprecated and will change in a future version. Call result.infer_objects(copy=False) instead. To opt-in to the future behavior, set `pd.set_option('future.no_silent_downcasting', True)`
  return r.reindex(calendar).ffill() if calendar is not None else r
nse500 3d tilt ROC31/c5: 18.8 / 0.71 / -32.8
/Users/navdeep/kite-lab/tasks/om25_rebuild/lib/regime.py:42: FutureWarning: Downcasting object dtype arrays on .fillna, .ffill, .bfill is deprecated and will change in a future version. Call result.infer_objects(copy=False) instead. To opt-in to the future behavior, set `pd.set_option('future.no_silent_downcasting', True)`
  return r.reindex(calendar).ffill() if calendar is not None else r
nse500 3e overlay ROC31/c5 bear0.5: 19.0 / 1.08 / -18.2
/Users/navdeep/kite-lab/tasks/om25_rebuild/lib/regime.py:42: FutureWarning: Downcasting object dtype arrays on .fillna, .ffill, .bfill is deprecated and will change in a future version. Call result.infer_objects(copy=False) instead. To opt-in to the future behavior, set `pd.set_option('future.no_silent_downcasting', True)`
  return r.reindex(calendar).ffill() if calendar is not None else r
nse500 3e overlay ROC31/c5 bear0.0: 15.7 / 0.83 / -14.5
/Users/navdeep/kite-lab/tasks/om25_rebuild/lib/regime.py:42: FutureWarning: Downcasting object dtype arrays on .fillna, .ffill, .bfill is deprecated and will change in a future version. Call result.infer_objects(copy=False) instead. To opt-in to the future behavior, set `pd.set_option('future.no_silent_downcasting', True)`
  return r.reindex(calendar).ffill() if calendar is not None else r
nse500 3d tilt ROC42/c2: 17.4 / 0.63 / -32.5
/Users/navdeep/kite-lab/tasks/om25_rebuild/lib/regime.py:42: FutureWarning: Downcasting object dtype arrays on .fillna, .ffill, .bfill is deprecated and will change in a future version. Call result.infer_objects(copy=False) instead. To opt-in to the future behavior, set `pd.set_option('future.no_silent_downcasting', True)`
  return r.reindex(calendar).ffill() if calendar is not None else r
nse500 3e overlay ROC42/c2 bear0.5: 16.7 / 0.97 / -16.6
/Users/navdeep/kite-lab/tasks/om25_rebuild/lib/regime.py:42: FutureWarning: Downcasting object dtype arrays on .fillna, .ffill, .bfill is deprecated and will change in a future version. Call result.infer_objects(copy=False) instead. To opt-in to the future behavior, set `pd.set_option('future.no_silent_downcasting', True)`
  return r.reindex(calendar).ffill() if calendar is not None else r
nse500 3e overlay ROC42/c2 bear0.0: 14.2 / 0.71 / -20.8
/Users/navdeep/kite-lab/tasks/om25_rebuild/lib/regime.py:42: FutureWarning: Downcasting object dtype arrays on .fillna, .ffill, .bfill is deprecated and will change in a future version. Call result.infer_objects(copy=False) instead. To opt-in to the future behavior, set `pd.set_option('future.no_silent_downcasting', True)`
  return r.reindex(calendar).ffill() if calendar is not None else r
nse500 3d tilt ROC42/c3: 17.2 / 0.62 / -32.4
/Users/navdeep/kite-lab/tasks/om25_rebuild/lib/regime.py:42: FutureWarning: Downcasting object dtype arrays on .fillna, .ffill, .bfill is deprecated and will change in a future version. Call result.infer_objects(copy=False) instead. To opt-in to the future behavior, set `pd.set_option('future.no_silent_downcasting', True)`
  return r.reindex(calendar).ffill() if calendar is not None else r
nse500 3e overlay ROC42/c3 bear0.5: 16.5 / 0.94 / -16.3
/Users/navdeep/kite-lab/tasks/om25_rebuild/lib/regime.py:42: FutureWarning: Downcasting object dtype arrays on .fillna, .ffill, .bfill is deprecated and will change in a future version. Call result.infer_objects(copy=False) instead. To opt-in to the future behavior, set `pd.set_option('future.no_silent_downcasting', True)`
  return r.reindex(calendar).ffill() if calendar is not None else r
nse500 3e overlay ROC42/c3 bear0.0: 15.0 / 0.77 / -14.6
/Users/navdeep/kite-lab/tasks/om25_rebuild/lib/regime.py:42: FutureWarning: Downcasting object dtype arrays on .fillna, .ffill, .bfill is deprecated and will change in a future version. Call result.infer_objects(copy=False) instead. To opt-in to the future behavior, set `pd.set_option('future.no_silent_downcasting', True)`
  return r.reindex(calendar).ffill() if calendar is not None else r
nse500 3d tilt ROC42/c5: 16.9 / 0.61 / -31.2
/Users/navdeep/kite-lab/tasks/om25_rebuild/lib/regime.py:42: FutureWarning: Downcasting object dtype arrays on .fillna, .ffill, .bfill is deprecated and will change in a future version. Call result.infer_objects(copy=False) instead. To opt-in to the future behavior, set `pd.set_option('future.no_silent_downcasting', True)`
  return r.reindex(calendar).ffill() if calendar is not None else r
nse500 3e overlay ROC42/c5 bear0.5: 16.1 / 0.85 / -20.0
/Users/navdeep/kite-lab/tasks/om25_rebuild/lib/regime.py:42: FutureWarning: Downcasting object dtype arrays on .fillna, .ffill, .bfill is deprecated and will change in a future version. Call result.infer_objects(copy=False) instead. To opt-in to the future behavior, set `pd.set_option('future.no_silent_downcasting', True)`
  return r.reindex(calendar).ffill() if calendar is not None else r
nse500 3e overlay ROC42/c5 bear0.0: 14.2 / 0.69 / -18.3
done
