A N250 monthly 12m abs 0 10 0.0 0.0 ok
A N250 monthly 12m abs 0 10 0.0 0.25 ok
A N250 monthly 12m abs 0 10 0.2 0.0 ok
A N250 monthly 12m abs 0 10 0.2 0.25 ok
A N250 monthly 12m abs 0 20 0.0 0.0 ok
A N250 monthly 12m abs 0 20 0.0 0.25 ok
A N250 monthly 12m abs 0 20 0.2 0.0 ok
A N250 monthly 12m abs 0 20 0.2 0.25 ok
A N250 monthly 12m abs 21 10 0.0 0.0 ok
A N250 monthly 12m abs 21 10 0.0 0.25 ok
A N250 monthly 12m abs 21 10 0.2 0.0 ok
A N250 monthly 12m abs 21 10 0.2 0.25 ok
A N250 monthly 12m abs 21 20 0.0 0.0 ok
A N250 monthly 12m abs 21 20 0.0 0.25 ok
A N250 monthly 12m abs 21 20 0.2 0.0 ok
A N250 monthly 12m abs 21 20 0.2 0.25 ok
A N250 monthly 12m voladj 0 10 0.0 0.0 ok
A N250 monthly 12m voladj 0 10 0.0 0.25 ok
A N250 monthly 12m voladj 0 10 0.2 0.0 ok
A N250 monthly 12m voladj 0 10 0.2 0.25 ok
A N250 monthly 12m voladj 0 20 0.0 0.0 ok
A N250 monthly 12m voladj 0 20 0.0 0.25 ok
A N250 monthly 12m voladj 0 20 0.2 0.0 ok
A N250 monthly 12m voladj 0 20 0.2 0.25 ok
A N250 monthly 12m voladj 21 10 0.0 0.0 ok
A N250 monthly 12m voladj 21 10 0.0 0.25 ok
A N250 monthly 12m voladj 21 10 0.2 0.0 ok
A N250 monthly 12m voladj 21 10 0.2 0.25 ok
A N250 monthly 12m voladj 21 20 0.0 0.0 ok
A N250 monthly 12m voladj 21 20 0.0 0.25 ok
A N250 monthly 12m voladj 21 20 0.2 0.0 ok
A N250 monthly 12m voladj 21 20 0.2 0.25 ok
A N250 monthly 12m blend 0 10 0.0 0.0 ok
A N250 monthly 12m blend 0 10 0.0 0.25 ok
A N250 monthly 12m blend 0 10 0.2 0.0 ok
A N250 monthly 12m blend 0 10 0.2 0.25 ok
A N250 monthly 12m blend 0 20 0.0 0.0 ok
A N250 monthly 12m blend 0 20 0.0 0.25 ok
A N250 monthly 12m blend 0 20 0.2 0.0 ok
A N250 monthly 12m blend 0 20 0.2 0.25 ok
A N250 monthly 12m blend 21 10 0.0 0.0 ok
A N250 monthly 12m blend 21 10 0.0 0.25 ok
A N250 monthly 12m blend 21 10 0.2 0.0 ok
A N250 monthly 12m blend 21 10 0.2 0.25 ok
A N250 monthly 12m blend 21 20 0.0 0.0 ok
A N250 monthly 12m blend 21 20 0.0 0.25 ok
A N250 monthly 12m blend 21 20 0.2 0.0 ok
A N250 monthly 12m blend 21 20 0.2 0.25 ok
A N250 monthly 12m {'cand': 'A N250 monthly 12m', 'is_cagr': np.float64(0.205), 'is_sharpe': np.float64(1.023), 'oos_cagr': np.float64(0.197), 'oos_sharpe': np.float64(0.732), 'oos_maxdd': np.float64(-0.379), 'sub1': np.float64(0.487), 'sub2': np.float64(1.117), 'sub3': np.float64(0.647), 'full_cagr': np.float64(0.2), 'trades_py': 86.541, 'turnover': np.float64(0.0), 'wf5_sharpe': np.float64(0.749), 'wf5_cagr': np.float64(0.192), 'wf5_maxdd': np.float64(-0.37), 'wf5_subs': '[0.1617189638910634, 1.2404653592028838, 0.8645478674811451]', 'wf5_changes': 6, 'wf10_sharpe': np.float64(0.833), 'wf10_cagr': np.float64(0.209), 'wf10_maxdd': np.float64(-0.385), 'wf10_subs': '[0.37459175269007117, 1.320811042268594, 0.8408588486301786]', 'wf10_changes': 6, 'hindsight_best': '["voladj", 21, 20, 0.2, 0.25]', 'hindsight_sharpe': np.float64(0.983), 'hindsight_cagr': np.float64(0.228), 'end': '2026-09-09'}
B N500 monthly 6m abs 0 10 0.0 0.0 ok
B N500 monthly 6m abs 0 10 0.0 0.25 ok
B N500 monthly 6m abs 0 10 0.2 0.0 ok
B N500 monthly 6m abs 0 10 0.2 0.25 ok
B N500 monthly 6m abs 0 20 0.0 0.0 ok
B N500 monthly 6m abs 0 20 0.0 0.25 ok
B N500 monthly 6m abs 0 20 0.2 0.0 ok
B N500 monthly 6m abs 0 20 0.2 0.25 ok
B N500 monthly 6m abs 21 10 0.0 0.0 ok
B N500 monthly 6m abs 21 10 0.0 0.25 ok
B N500 monthly 6m abs 21 10 0.2 0.0 ok
B N500 monthly 6m abs 21 10 0.2 0.25 ok
B N500 monthly 6m abs 21 20 0.0 0.0 ok
B N500 monthly 6m abs 21 20 0.0 0.25 ok
B N500 monthly 6m abs 21 20 0.2 0.0 ok
B N500 monthly 6m abs 21 20 0.2 0.25 ok
B N500 monthly 6m voladj 0 10 0.0 0.0 ok
B N500 monthly 6m voladj 0 10 0.0 0.25 ok
B N500 monthly 6m voladj 0 10 0.2 0.0 ok
B N500 monthly 6m voladj 0 10 0.2 0.25 ok
B N500 monthly 6m voladj 0 20 0.0 0.0 ok
B N500 monthly 6m voladj 0 20 0.0 0.25 ok
B N500 monthly 6m voladj 0 20 0.2 0.0 ok
B N500 monthly 6m voladj 0 20 0.2 0.25 ok
B N500 monthly 6m voladj 21 10 0.0 0.0 ok
B N500 monthly 6m voladj 21 10 0.0 0.25 ok
B N500 monthly 6m voladj 21 10 0.2 0.0 ok
B N500 monthly 6m voladj 21 10 0.2 0.25 ok
B N500 monthly 6m voladj 21 20 0.0 0.0 ok
B N500 monthly 6m voladj 21 20 0.0 0.25 ok
B N500 monthly 6m voladj 21 20 0.2 0.0 ok
B N500 monthly 6m voladj 21 20 0.2 0.25 ok
B N500 monthly 6m blend 0 10 0.0 0.0 ok
B N500 monthly 6m blend 0 10 0.0 0.25 ok
B N500 monthly 6m blend 0 10 0.2 0.0 ok
B N500 monthly 6m blend 0 10 0.2 0.25 ok
B N500 monthly 6m blend 0 20 0.0 0.0 ok
B N500 monthly 6m blend 0 20 0.0 0.25 ok
B N500 monthly 6m blend 0 20 0.2 0.0 ok
B N500 monthly 6m blend 0 20 0.2 0.25 ok
B N500 monthly 6m blend 21 10 0.0 0.0 ok
B N500 monthly 6m blend 21 10 0.0 0.25 ok
B N500 monthly 6m blend 21 10 0.2 0.0 ok
B N500 monthly 6m blend 21 10 0.2 0.25 ok
B N500 monthly 6m blend 21 20 0.0 0.0 ok
B N500 monthly 6m blend 21 20 0.0 0.25 ok
B N500 monthly 6m blend 21 20 0.2 0.0 ok
B N500 monthly 6m blend 21 20 0.2 0.25 ok
B N500 monthly 6m {'cand': 'B N500 monthly 6m', 'is_cagr': np.float64(0.236), 'is_sharpe': np.float64(1.057), 'oos_cagr': np.float64(0.217), 'oos_sharpe': np.float64(0.777), 'oos_maxdd': np.float64(-0.336), 'sub1': np.float64(0.571), 'sub2': np.float64(1.515), 'sub3': np.float64(0.373), 'full_cagr': np.float64(0.224), 'trades_py': 180.941, 'turnover': np.float64(0.0), 'wf5_sharpe': np.float64(0.585), 'wf5_cagr': np.float64(0.179), 'wf5_maxdd': np.float64(-0.393), 'wf5_subs': '[0.21564435468908147, 1.4548024415567902, 0.2615434273537201]', 'wf5_changes': 7, 'wf10_sharpe': np.float64(0.611), 'wf10_cagr': np.float64(0.179), 'wf10_maxdd': np.float64(-0.372), 'wf10_subs': '[0.2870476207326263, 1.5735484994085425, 0.13541024315506944]', 'wf10_changes': 6, 'hindsight_best': '["voladj", 21, 20, 0.0, 0.0]', 'hindsight_sharpe': np.float64(0.777), 'hindsight_cagr': np.float64(0.217), 'end': '2026-09-09'}
done
