/Users/navdeep/kite-lab/.venv/lib/python3.9/site-packages/urllib3/__init__.py:35: NotOpenSSLWarning: urllib3 v2 only supports OpenSSL 1.1.1+, currently the 'ssl' module is compiled with 'LibreSSL 2.8.3'. See: https://github.com/urllib3/urllib3/issues/3020
  warnings.warn(

Fetching day data from 2020-01-01 to 2026-01-24 ...
360ONE: Saved 1508 rows to nse500_data/360ONE_day.csv
3MINDIA: Saved 1508 rows to nse500_data/3MINDIA_day.csv
ABB: Saved 1508 rows to nse500_data/ABB_day.csv
ACC: Saved 1508 rows to nse500_data/ACC_day.csv
ACMESOLAR: Saved 297 rows to nse500_data/ACMESOLAR_day.csv
AIAENG: Saved 1508 rows to nse500_data/AIAENG_day.csv
APLAPOLLO: Saved 1508 rows to nse500_data/APLAPOLLO_day.csv
AUBANK: Saved 1508 rows to nse500_data/AUBANK_day.csv
AWL: Saved 912 rows to nse500_data/AWL_day.csv
AADHARHFC: Saved 423 rows to nse500_data/AADHARHFC_day.csv
AARTIIND: Saved 1508 rows to nse500_data/AARTIIND_day.csv
AAVAS: Saved 1508 rows to nse500_data/AAVAS_day.csv
ABBOTINDIA: Saved 1508 rows to nse500_data/ABBOTINDIA_day.csv
ACE: Saved 1508 rows to nse500_data/ACE_day.csv
ADANIENSOL: Saved 1508 rows to nse500_data/ADANIENSOL_day.csv
ADANIENT: Saved 1508 rows to nse500_data/ADANIENT_day.csv
ADANIGREEN: Saved 1508 rows to nse500_data/ADANIGREEN_day.csv
ADANIPORTS: Saved 1508 rows to nse500_data/ADANIPORTS_day.csv
ADANIPOWER: Saved 1508 rows to nse500_data/ADANIPOWER_day.csv
ATGL: Saved 1508 rows to nse500_data/ATGL_day.csv
ABCAPITAL: Saved 1508 rows to nse500_data/ABCAPITAL_day.csv
ABFRL: Saved 1508 rows to nse500_data/ABFRL_day.csv
ABLBL: Saved 148 rows to nse500_data/ABLBL_day.csv
ABREL: Saved 1508 rows to nse500_data/ABREL_day.csv
ABSLAMC: Saved 1065 rows to nse500_data/ABSLAMC_day.csv
AEGISLOG: Saved 1508 rows to nse500_data/AEGISLOG_day.csv
AEGISVOPAK: Saved 163 rows to nse500_data/AEGISVOPAK_day.csv
AFCONS: Saved 304 rows to nse500_data/AFCONS_day.csv
AFFLE: Saved 1508 rows to nse500_data/AFFLE_day.csv
AJANTPHARM: Saved 1508 rows to nse500_data/AJANTPHARM_day.csv
AKUMS: Saved 366 rows to nse500_data/AKUMS_day.csv
AKZOINDIA: Saved 1508 rows to nse500_data/AKZOINDIA_day.csv
APLLTD: Saved 1508 rows to nse500_data/APLLTD_day.csv
ALKEM: Saved 1508 rows to nse500_data/ALKEM_day.csv
ALKYLAMINE: Saved 1508 rows to nse500_data/ALKYLAMINE_day.csv
ALOKINDS: Saved 1472 rows to nse500_data/ALOKINDS_day.csv
ARE&M: Saved 1508 rows to nse500_data/ARE&M_day.csv
AMBER: Saved 1508 rows to nse500_data/AMBER_day.csv
AMBUJACEM: Saved 1508 rows to nse500_data/AMBUJACEM_day.csv
ANANDRATHI: Saved 1022 rows to nse500_data/ANANDRATHI_day.csv
ANANTRAJ: Saved 1508 rows to nse500_data/ANANTRAJ_day.csv
ANGELONE: Saved 1318 rows to nse500_data/ANGELONE_day.csv
APARINDS: Saved 1508 rows to nse500_data/APARINDS_day.csv
APOLLOHOSP: Saved 1508 rows to nse500_data/APOLLOHOSP_day.csv
APOLLOTYRE: Saved 1508 rows to nse500_data/APOLLOTYRE_day.csv
APTUS: Saved 1098 rows to nse500_data/APTUS_day.csv
ASAHIINDIA: Saved 1508 rows to nse500_data/ASAHIINDIA_day.csv
ASHOKLEY: Saved 1508 rows to nse500_data/ASHOKLEY_day.csv
ASIANPAINT: Saved 1508 rows to nse500_data/ASIANPAINT_day.csv
ASTERDM: Saved 1508 rows to nse500_data/ASTERDM_day.csv
ASTRAZEN: Saved 1508 rows to nse500_data/ASTRAZEN_day.csv
ASTRAL: Saved 1508 rows to nse500_data/ASTRAL_day.csv
ATHERENERG: Saved 182 rows to nse500_data/ATHERENERG_day.csv
ATUL: Saved 1508 rows to nse500_data/ATUL_day.csv
AUROPHARMA: Saved 1508 rows to nse500_data/AUROPHARMA_day.csv
AIIL: Saved 438 rows to nse500_data/AIIL_day.csv
DMART: Saved 1508 rows to nse500_data/DMART_day.csv
AXISBANK: Saved 1508 rows to nse500_data/AXISBANK_day.csv
BASF: Saved 1508 rows to nse500_data/BASF_day.csv
BEML: Saved 1508 rows to nse500_data/BEML_day.csv
BLS: Saved 1508 rows to nse500_data/BLS_day.csv
BSE: Saved 1508 rows to nse500_data/BSE_day.csv
BAJAJ-AUTO: Saved 1508 rows to nse500_data/BAJAJ-AUTO_day.csv
BAJFINANCE: Saved 1508 rows to nse500_data/BAJFINANCE_day.csv
BAJAJFINSV: Saved 1508 rows to nse500_data/BAJAJFINSV_day.csv
BAJAJHLDNG: Saved 1508 rows to nse500_data/BAJAJHLDNG_day.csv
BAJAJHFL: Saved 338 rows to nse500_data/BAJAJHFL_day.csv
BALKRISIND: Saved 1508 rows to nse500_data/BALKRISIND_day.csv
BALRAMCHIN: Saved 1508 rows to nse500_data/BALRAMCHIN_day.csv
BANDHANBNK: Saved 1508 rows to nse500_data/BANDHANBNK_day.csv
BANKBARODA: Saved 1508 rows to nse500_data/BANKBARODA_day.csv
BANKINDIA: Saved 1508 rows to nse500_data/BANKINDIA_day.csv
MAHABANK: Saved 1508 rows to nse500_data/MAHABANK_day.csv
BATAINDIA: Saved 1508 rows to nse500_data/BATAINDIA_day.csv
BAYERCROP: Saved 1508 rows to nse500_data/BAYERCROP_day.csv
BERGEPAINT: Saved 1508 rows to nse500_data/BERGEPAINT_day.csv
BDL: Saved 1508 rows to nse500_data/BDL_day.csv
BEL: Saved 1508 rows to nse500_data/BEL_day.csv
BHARATFORG: Saved 1508 rows to nse500_data/BHARATFORG_day.csv
BHEL: Saved 1508 rows to nse500_data/BHEL_day.csv
BPCL: Saved 1508 rows to nse500_data/BPCL_day.csv
BHARTIARTL: Saved 1508 rows to nse500_data/BHARTIARTL_day.csv
BHARTIHEXA: Saved 444 rows to nse500_data/BHARTIHEXA_day.csv
BIKAJI: Saved 793 rows to nse500_data/BIKAJI_day.csv
BIOCON: Saved 1508 rows to nse500_data/BIOCON_day.csv
BSOFT: Saved 1508 rows to nse500_data/BSOFT_day.csv
BLUEDART: Saved 1508 rows to nse500_data/BLUEDART_day.csv
BLUEJET: Saved 555 rows to nse500_data/BLUEJET_day.csv
BLUESTARCO: Saved 1508 rows to nse500_data/BLUESTARCO_day.csv
BBTC: Saved 1508 rows to nse500_data/BBTC_day.csv
BOSCHLTD: Saved 1508 rows to nse500_data/BOSCHLTD_day.csv
FIRSTCRY: Saved 361 rows to nse500_data/FIRSTCRY_day.csv
BRIGADE: Saved 1508 rows to nse500_data/BRIGADE_day.csv
BRITANNIA: Saved 1508 rows to nse500_data/BRITANNIA_day.csv
MAPMYINDIA: Saved 1017 rows to nse500_data/MAPMYINDIA_day.csv
CCL: Saved 1508 rows to nse500_data/CCL_day.csv
CESC: Saved 1508 rows to nse500_data/CESC_day.csv
CGPOWER: Saved 1508 rows to nse500_data/CGPOWER_day.csv
CRISIL: Saved 1508 rows to nse500_data/CRISIL_day.csv
CAMPUS: Saved 924 rows to nse500_data/CAMPUS_day.csv
CANFINHOME: Saved 1508 rows to nse500_data/CANFINHOME_day.csv
CANBK: Saved 1508 rows to nse500_data/CANBK_day.csv
CAPLIPOINT: Saved 1508 rows to nse500_data/CAPLIPOINT_day.csv
CGCL: Saved 1508 rows to nse500_data/CGCL_day.csv
CARBORUNIV: Saved 1508 rows to nse500_data/CARBORUNIV_day.csv
CASTROLIND: Saved 1508 rows to nse500_data/CASTROLIND_day.csv
CEATLTD: Saved 1508 rows to nse500_data/CEATLTD_day.csv
CENTRALBK: Saved 1508 rows to nse500_data/CENTRALBK_day.csv
CDSL: Saved 1508 rows to nse500_data/CDSL_day.csv
CENTURYPLY: Saved 1508 rows to nse500_data/CENTURYPLY_day.csv
CERA: Saved 1508 rows to nse500_data/CERA_day.csv
CHALET: Saved 1508 rows to nse500_data/CHALET_day.csv
CHAMBLFERT: Saved 1508 rows to nse500_data/CHAMBLFERT_day.csv
CHENNPETRO: Saved 1508 rows to nse500_data/CHENNPETRO_day.csv
CHOICEIN: Saved 942 rows to nse500_data/CHOICEIN_day.csv
CHOLAHLDNG: Saved 1508 rows to nse500_data/CHOLAHLDNG_day.csv
CHOLAFIN: Saved 1508 rows to nse500_data/CHOLAFIN_day.csv
CIPLA: Saved 1508 rows to nse500_data/CIPLA_day.csv
CUB: Saved 1508 rows to nse500_data/CUB_day.csv
CLEAN: Saved 1122 rows to nse500_data/CLEAN_day.csv
COALINDIA: Saved 1508 rows to nse500_data/COALINDIA_day.csv
COCHINSHIP: Saved 1508 rows to nse500_data/COCHINSHIP_day.csv
COFORGE: Saved 1508 rows to nse500_data/COFORGE_day.csv
COHANCE: Saved 1460 rows to nse500_data/COHANCE_day.csv
COLPAL: Saved 1508 rows to nse500_data/COLPAL_day.csv
CAMS: Saved 1318 rows to nse500_data/CAMS_day.csv
CONCORDBIO: Saved 605 rows to nse500_data/CONCORDBIO_day.csv
CONCOR: Saved 1508 rows to nse500_data/CONCOR_day.csv
COROMANDEL: Saved 1508 rows to nse500_data/COROMANDEL_day.csv
CRAFTSMAN: Saved 1199 rows to nse500_data/CRAFTSMAN_day.csv
CREDITACC: Saved 1508 rows to nse500_data/CREDITACC_day.csv
CROMPTON: Saved 1508 rows to nse500_data/CROMPTON_day.csv
CUMMINSIND: Saved 1508 rows to nse500_data/CUMMINSIND_day.csv
CYIENT: Saved 1508 rows to nse500_data/CYIENT_day.csv
DCMSHRIRAM: Saved 1508 rows to nse500_data/DCMSHRIRAM_day.csv
DLF: Saved 1508 rows to nse500_data/DLF_day.csv
DOMS: Saved 521 rows to nse500_data/DOMS_day.csv
DABUR: Saved 1508 rows to nse500_data/DABUR_day.csv
DALBHARAT: Saved 1508 rows to nse500_data/DALBHARAT_day.csv
DATAPATTNS: Saved 1014 rows to nse500_data/DATAPATTNS_day.csv
DEEPAKFERT: Saved 1508 rows to nse500_data/DEEPAKFERT_day.csv
DEEPAKNTR: Saved 1508 rows to nse500_data/DEEPAKNTR_day.csv
DELHIVERY: Saved 913 rows to nse500_data/DELHIVERY_day.csv
DEVYANI: Saved 1103 rows to nse500_data/DEVYANI_day.csv
DIVISLAB: Saved 1508 rows to nse500_data/DIVISLAB_day.csv
DIXON: Saved 1508 rows to nse500_data/DIXON_day.csv
AGARWALEYE: Saved 240 rows to nse500_data/AGARWALEYE_day.csv
LALPATHLAB: Saved 1508 rows to nse500_data/LALPATHLAB_day.csv
DRREDDY: Saved 1508 rows to nse500_data/DRREDDY_day.csv
EIDPARRY: Saved 1508 rows to nse500_data/EIDPARRY_day.csv
EIHOTEL: Saved 1508 rows to nse500_data/EIHOTEL_day.csv
EICHERMOT: Saved 1508 rows to nse500_data/EICHERMOT_day.csv
ELECON: Saved 1508 rows to nse500_data/ELECON_day.csv
ELGIEQUIP: Saved 1508 rows to nse500_data/ELGIEQUIP_day.csv
EMAMILTD: Saved 1508 rows to nse500_data/EMAMILTD_day.csv
EMCURE: Saved 384 rows to nse500_data/EMCURE_day.csv
ENDURANCE: Saved 1508 rows to nse500_data/ENDURANCE_day.csv
ENGINERSIN: Saved 1508 rows to nse500_data/ENGINERSIN_day.csv
ERIS: Saved 1508 rows to nse500_data/ERIS_day.csv
ESCORTS: Saved 1508 rows to nse500_data/ESCORTS_day.csv
ETERNAL: Saved 1119 rows to nse500_data/ETERNAL_day.csv
EXIDEIND: Saved 1508 rows to nse500_data/EXIDEIND_day.csv
NYKAA: Saved 1045 rows to nse500_data/NYKAA_day.csv
FEDERALBNK: Saved 1508 rows to nse500_data/FEDERALBNK_day.csv
FACT: Saved 1508 rows to nse500_data/FACT_day.csv
FINCABLES: Saved 1508 rows to nse500_data/FINCABLES_day.csv
FINPIPE: Saved 1508 rows to nse500_data/FINPIPE_day.csv
FSL: Saved 1508 rows to nse500_data/FSL_day.csv
FIVESTAR: Saved 790 rows to nse500_data/FIVESTAR_day.csv
FORCEMOT: Saved 1432 rows to nse500_data/FORCEMOT_day.csv
FORTIS: Saved 1508 rows to nse500_data/FORTIS_day.csv
GAIL: Saved 1508 rows to nse500_data/GAIL_day.csv
GVT&D: Saved 1508 rows to nse500_data/GVT&D_day.csv
GMRAIRPORT: Saved 1508 rows to nse500_data/GMRAIRPORT_day.csv
GRSE: Saved 1508 rows to nse500_data/GRSE_day.csv
GICRE: Saved 1508 rows to nse500_data/GICRE_day.csv
GILLETTE: Saved 1508 rows to nse500_data/GILLETTE_day.csv
GLAND: Saved 1284 rows to nse500_data/GLAND_day.csv
GLAXO: Saved 1508 rows to nse500_data/GLAXO_day.csv
GLENMARK: Saved 1508 rows to nse500_data/GLENMARK_day.csv
MEDANTA: Saved 793 rows to nse500_data/MEDANTA_day.csv
GODIGIT: Saved 417 rows to nse500_data/GODIGIT_day.csv
GPIL: Saved 1508 rows to nse500_data/GPIL_day.csv
GODFRYPHLP: Saved 1508 rows to nse500_data/GODFRYPHLP_day.csv
GODREJAGRO: Saved 1508 rows to nse500_data/GODREJAGRO_day.csv
GODREJCP: Saved 1508 rows to nse500_data/GODREJCP_day.csv
GODREJIND: Saved 1508 rows to nse500_data/GODREJIND_day.csv
GODREJPROP: Saved 1508 rows to nse500_data/GODREJPROP_day.csv
GRANULES: Saved 1508 rows to nse500_data/GRANULES_day.csv
GRAPHITE: Saved 1508 rows to nse500_data/GRAPHITE_day.csv
GRASIM: Saved 1508 rows to nse500_data/GRASIM_day.csv
GRAVITA: Saved 1508 rows to nse500_data/GRAVITA_day.csv
GESHIP: Saved 1508 rows to nse500_data/GESHIP_day.csv
FLUOROCHEM: Saved 1508 rows to nse500_data/FLUOROCHEM_day.csv
GUJGASLTD: Saved 1508 rows to nse500_data/GUJGASLTD_day.csv
GMDCLTD: Saved 1508 rows to nse500_data/GMDCLTD_day.csv
GSPL: Saved 1508 rows to nse500_data/GSPL_day.csv
HEG: Saved 1508 rows to nse500_data/HEG_day.csv
HBLENGINE: Saved 1508 rows to nse500_data/HBLENGINE_day.csv
HCLTECH: Saved 1508 rows to nse500_data/HCLTECH_day.csv
HDFCAMC: Saved 1508 rows to nse500_data/HDFCAMC_day.csv
HDFCBANK: Saved 1508 rows to nse500_data/HDFCBANK_day.csv
HDFCLIFE: Saved 1508 rows to nse500_data/HDFCLIFE_day.csv
HFCL: Saved 1508 rows to nse500_data/HFCL_day.csv
HAPPSTMNDS: Saved 1329 rows to nse500_data/HAPPSTMNDS_day.csv
HAVELLS: Saved 1508 rows to nse500_data/HAVELLS_day.csv
HEROMOTOCO: Saved 1508 rows to nse500_data/HEROMOTOCO_day.csv
HEXT: Saved 229 rows to nse500_data/HEXT_day.csv
HSCL: Saved 1508 rows to nse500_data/HSCL_day.csv
HINDALCO: Saved 1508 rows to nse500_data/HINDALCO_day.csv
HAL: Saved 1508 rows to nse500_data/HAL_day.csv
HINDCOPPER: Saved 1508 rows to nse500_data/HINDCOPPER_day.csv
HINDPETRO: Saved 1508 rows to nse500_data/HINDPETRO_day.csv
HINDUNILVR: Saved 1508 rows to nse500_data/HINDUNILVR_day.csv
HINDZINC: Saved 1508 rows to nse500_data/HINDZINC_day.csv
POWERINDIA: Saved 1446 rows to nse500_data/POWERINDIA_day.csv
HOMEFIRST: Saved 1234 rows to nse500_data/HOMEFIRST_day.csv
HONASA: Saved 551 rows to nse500_data/HONASA_day.csv
HONAUT: Saved 1508 rows to nse500_data/HONAUT_day.csv
HUDCO: Saved 1508 rows to nse500_data/HUDCO_day.csv
HYUNDAI: Saved 313 rows to nse500_data/HYUNDAI_day.csv
ICICIBANK: Saved 1508 rows to nse500_data/ICICIBANK_day.csv
ICICIGI: Saved 1508 rows to nse500_data/ICICIGI_day.csv
ICICIPRULI: Saved 1508 rows to nse500_data/ICICIPRULI_day.csv
IDBI: Saved 1508 rows to nse500_data/IDBI_day.csv
IDFCFIRSTB: Saved 1508 rows to nse500_data/IDFCFIRSTB_day.csv
IFCI: Saved 1508 rows to nse500_data/IFCI_day.csv
IIFL: Saved 1508 rows to nse500_data/IIFL_day.csv
INOXINDIA: Saved 520 rows to nse500_data/INOXINDIA_day.csv
IRB: Saved 1508 rows to nse500_data/IRB_day.csv
IRCON: Saved 1508 rows to nse500_data/IRCON_day.csv
ITCHOTELS: Saved 245 rows to nse500_data/ITCHOTELS_day.csv
ITC: Saved 1508 rows to nse500_data/ITC_day.csv
ITI: Saved 1508 rows to nse500_data/ITI_day.csv
INDGN: Saved 425 rows to nse500_data/INDGN_day.csv
INDIACEM: Saved 1508 rows to nse500_data/INDIACEM_day.csv
INDIAMART: Saved 1508 rows to nse500_data/INDIAMART_day.csv
INDIANB: Saved 1508 rows to nse500_data/INDIANB_day.csv
IEX: Saved 1508 rows to nse500_data/IEX_day.csv
INDHOTEL: Saved 1508 rows to nse500_data/INDHOTEL_day.csv
IOC: Saved 1508 rows to nse500_data/IOC_day.csv
IOB: Saved 1508 rows to nse500_data/IOB_day.csv
IRCTC: Saved 1508 rows to nse500_data/IRCTC_day.csv
IRFC: Saved 1237 rows to nse500_data/IRFC_day.csv
IREDA: Saved 536 rows to nse500_data/IREDA_day.csv
IGL: Saved 1508 rows to nse500_data/IGL_day.csv
INDUSTOWER: Saved 1508 rows to nse500_data/INDUSTOWER_day.csv
INDUSINDBK: Saved 1508 rows to nse500_data/INDUSINDBK_day.csv
NAUKRI: Saved 1508 rows to nse500_data/NAUKRI_day.csv
INFY: Saved 1508 rows to nse500_data/INFY_day.csv
INOXWIND: Saved 1508 rows to nse500_data/INOXWIND_day.csv
INTELLECT: Saved 1508 rows to nse500_data/INTELLECT_day.csv
INDIGO: Saved 1508 rows to nse500_data/INDIGO_day.csv
IGIL: Saved 272 rows to nse500_data/IGIL_day.csv
IKS: Saved 273 rows to nse500_data/IKS_day.csv
IPCALAB: Saved 1508 rows to nse500_data/IPCALAB_day.csv
JBCHEPHARM: Saved 1508 rows to nse500_data/JBCHEPHARM_day.csv
JKCEMENT: Saved 1508 rows to nse500_data/JKCEMENT_day.csv
JBMA: Saved 1508 rows to nse500_data/JBMA_day.csv
JKTYRE: Saved 1508 rows to nse500_data/JKTYRE_day.csv
JMFINANCIL: Saved 1508 rows to nse500_data/JMFINANCIL_day.csv
JSWENERGY: Saved 1508 rows to nse500_data/JSWENERGY_day.csv
JSWINFRA: Saved 575 rows to nse500_data/JSWINFRA_day.csv
JSWSTEEL: Saved 1508 rows to nse500_data/JSWSTEEL_day.csv
JPPOWER: Saved 1508 rows to nse500_data/JPPOWER_day.csv
J&KBANK: Saved 1508 rows to nse500_data/J&KBANK_day.csv
JINDALSAW: Saved 1508 rows to nse500_data/JINDALSAW_day.csv
JSL: Saved 1508 rows to nse500_data/JSL_day.csv
JINDALSTEL: Saved 1508 rows to nse500_data/JINDALSTEL_day.csv
JIOFIN: Saved 604 rows to nse500_data/JIOFIN_day.csv
JUBLFOOD: Saved 1508 rows to nse500_data/JUBLFOOD_day.csv
JUBLINGREA: Saved 1203 rows to nse500_data/JUBLINGREA_day.csv
JUBLPHARMA: Saved 1508 rows to nse500_data/JUBLPHARMA_day.csv
JWL: Saved 1508 rows to nse500_data/JWL_day.csv
JYOTHYLAB: Saved 1508 rows to nse500_data/JYOTHYLAB_day.csv
JYOTICNC: Saved 503 rows to nse500_data/JYOTICNC_day.csv
KPRMILL: Saved 1508 rows to nse500_data/KPRMILL_day.csv
KEI: Saved 1508 rows to nse500_data/KEI_day.csv
KPITTECH: Saved 1508 rows to nse500_data/KPITTECH_day.csv
KSB: Saved 1508 rows to nse500_data/KSB_day.csv
KAJARIACER: Saved 1508 rows to nse500_data/KAJARIACER_day.csv
KPIL: Saved 1508 rows to nse500_data/KPIL_day.csv
KALYANKJIL: Saved 1198 rows to nse500_data/KALYANKJIL_day.csv
KARURVYSYA: Saved 1508 rows to nse500_data/KARURVYSYA_day.csv
KAYNES: Saved 789 rows to nse500_data/KAYNES_day.csv
KEC: Saved 1508 rows to nse500_data/KEC_day.csv
KFINTECH: Saved 762 rows to nse500_data/KFINTECH_day.csv
KIRLOSBROS: Saved 1508 rows to nse500_data/KIRLOSBROS_day.csv
KIRLOSENG: Saved 1508 rows to nse500_data/KIRLOSENG_day.csv
KOTAKBANK: Saved 1508 rows to nse500_data/KOTAKBANK_day.csv
KIMS: Saved 1137 rows to nse500_data/KIMS_day.csv
LTF: Saved 1508 rows to nse500_data/LTF_day.csv
LTTS: Saved 1508 rows to nse500_data/LTTS_day.csv
LICHSGFIN: Saved 1508 rows to nse500_data/LICHSGFIN_day.csv
LTFOODS: Saved 1508 rows to nse500_data/LTFOODS_day.csv
LTIM: Saved 1508 rows to nse500_data/LTIM_day.csv
LT: Saved 1508 rows to nse500_data/LT_day.csv
LATENTVIEW: Saved 1037 rows to nse500_data/LATENTVIEW_day.csv
LAURUSLABS: Saved 1508 rows to nse500_data/LAURUSLABS_day.csv
THELEELA: Saved 163 rows to nse500_data/THELEELA_day.csv
LEMONTREE: Saved 1508 rows to nse500_data/LEMONTREE_day.csv
LICI: Saved 918 rows to nse500_data/LICI_day.csv
LINDEINDIA: Saved 1508 rows to nse500_data/LINDEINDIA_day.csv
LLOYDSME: Saved 628 rows to nse500_data/LLOYDSME_day.csv
LODHA: Saved 1185 rows to nse500_data/LODHA_day.csv
LUPIN: Saved 1508 rows to nse500_data/LUPIN_day.csv
MMTC: Saved 1508 rows to nse500_data/MMTC_day.csv
MRF: Saved 1508 rows to nse500_data/MRF_day.csv
MGL: Saved 1508 rows to nse500_data/MGL_day.csv
MAHSCOOTER: Saved 1505 rows to nse500_data/MAHSCOOTER_day.csv
MAHSEAMLES: Saved 1508 rows to nse500_data/MAHSEAMLES_day.csv
M&MFIN: Saved 1508 rows to nse500_data/M&MFIN_day.csv
M&M: Saved 1508 rows to nse500_data/M&M_day.csv
MANAPPURAM: Saved 1508 rows to nse500_data/MANAPPURAM_day.csv
MRPL: Saved 1508 rows to nse500_data/MRPL_day.csv
MANKIND: Saved 676 rows to nse500_data/MANKIND_day.csv
MARICO: Saved 1508 rows to nse500_data/MARICO_day.csv
MARUTI: Saved 1508 rows to nse500_data/MARUTI_day.csv
MFSL: Saved 1508 rows to nse500_data/MFSL_day.csv
MAXHEALTH: Saved 1348 rows to nse500_data/MAXHEALTH_day.csv
MAZDOCK: Saved 1313 rows to nse500_data/MAZDOCK_day.csv
METROPOLIS: Saved 1508 rows to nse500_data/METROPOLIS_day.csv
MINDACORP: Saved 1508 rows to nse500_data/MINDACORP_day.csv
MSUMI: Saved 951 rows to nse500_data/MSUMI_day.csv
MOTILALOFS: Saved 1508 rows to nse500_data/MOTILALOFS_day.csv
MPHASIS: Saved 1508 rows to nse500_data/MPHASIS_day.csv
MCX: Saved 1508 rows to nse500_data/MCX_day.csv
MUTHOOTFIN: Saved 1508 rows to nse500_data/MUTHOOTFIN_day.csv
NATCOPHARM: Saved 1508 rows to nse500_data/NATCOPHARM_day.csv
NBCC: Saved 1508 rows to nse500_data/NBCC_day.csv
NCC: Saved 1508 rows to nse500_data/NCC_day.csv
NHPC: Saved 1508 rows to nse500_data/NHPC_day.csv
NLCINDIA: Saved 1508 rows to nse500_data/NLCINDIA_day.csv
NMDC: Saved 1508 rows to nse500_data/NMDC_day.csv
NSLNISP: Saved 726 rows to nse500_data/NSLNISP_day.csv
NTPCGREEN: Saved 289 rows to nse500_data/NTPCGREEN_day.csv
NTPC: Saved 1508 rows to nse500_data/NTPC_day.csv
NH: Saved 1508 rows to nse500_data/NH_day.csv
NATIONALUM: Saved 1508 rows to nse500_data/NATIONALUM_day.csv
NAVA: Saved 1508 rows to nse500_data/NAVA_day.csv
NAVINFLUOR: Saved 1508 rows to nse500_data/NAVINFLUOR_day.csv
NESTLEIND: Saved 1508 rows to nse500_data/NESTLEIND_day.csv
NETWEB: Saved 620 rows to nse500_data/NETWEB_day.csv
NEULANDLAB: Saved 1508 rows to nse500_data/NEULANDLAB_day.csv
NEWGEN: Saved 1508 rows to nse500_data/NEWGEN_day.csv
NAM-INDIA: Saved 1508 rows to nse500_data/NAM-INDIA_day.csv
NIVABUPA: Saved 296 rows to nse500_data/NIVABUPA_day.csv
NUVAMA: Saved 579 rows to nse500_data/NUVAMA_day.csv
NUVOCO: Saved 1099 rows to nse500_data/NUVOCO_day.csv
OBEROIRLTY: Saved 1508 rows to nse500_data/OBEROIRLTY_day.csv
ONGC: Saved 1508 rows to nse500_data/ONGC_day.csv
OIL: Saved 1508 rows to nse500_data/OIL_day.csv
OLAELEC: Saved 363 rows to nse500_data/OLAELEC_day.csv
OLECTRA: Saved 1508 rows to nse500_data/OLECTRA_day.csv
PAYTM: Saved 1039 rows to nse500_data/PAYTM_day.csv
ONESOURCE: Saved 248 rows to nse500_data/ONESOURCE_day.csv
OFSS: Saved 1508 rows to nse500_data/OFSS_day.csv
POLICYBZR: Saved 1042 rows to nse500_data/POLICYBZR_day.csv
PCBL: Saved 1508 rows to nse500_data/PCBL_day.csv
PGEL: Saved 1508 rows to nse500_data/PGEL_day.csv
PIIND: Saved 1508 rows to nse500_data/PIIND_day.csv
PNBHOUSING: Saved 1508 rows to nse500_data/PNBHOUSING_day.csv
PTCIL: Saved 653 rows to nse500_data/PTCIL_day.csv
PVRINOX: Saved 1508 rows to nse500_data/PVRINOX_day.csv
PAGEIND: Saved 1508 rows to nse500_data/PAGEIND_day.csv
PATANJALI: Saved 1490 rows to nse500_data/PATANJALI_day.csv
PERSISTENT: Saved 1508 rows to nse500_data/PERSISTENT_day.csv
PETRONET: Saved 1508 rows to nse500_data/PETRONET_day.csv
PFIZER: Saved 1508 rows to nse500_data/PFIZER_day.csv
PHOENIXLTD: Saved 1508 rows to nse500_data/PHOENIXLTD_day.csv
PIDILITIND: Saved 1508 rows to nse500_data/PIDILITIND_day.csv
PPLPHARMA: Saved 811 rows to nse500_data/PPLPHARMA_day.csv
POLYMED: Saved 1508 rows to nse500_data/POLYMED_day.csv
POLYCAB: Saved 1508 rows to nse500_data/POLYCAB_day.csv
POONAWALLA: Saved 1508 rows to nse500_data/POONAWALLA_day.csv
PFC: Saved 1508 rows to nse500_data/PFC_day.csv
POWERGRID: Saved 1508 rows to nse500_data/POWERGRID_day.csv
PRAJIND: Saved 1508 rows to nse500_data/PRAJIND_day.csv
PREMIERENE: Saved 347 rows to nse500_data/PREMIERENE_day.csv
PRESTIGE: Saved 1508 rows to nse500_data/PRESTIGE_day.csv
PGHH: Saved 1508 rows to nse500_data/PGHH_day.csv
PNB: Saved 1508 rows to nse500_data/PNB_day.csv
RRKABEL: Saved 583 rows to nse500_data/RRKABEL_day.csv
RBLBANK: Saved 1508 rows to nse500_data/RBLBANK_day.csv
RECLTD: Saved 1508 rows to nse500_data/RECLTD_day.csv
RHIM: Saved 1508 rows to nse500_data/RHIM_day.csv
RITES: Saved 1508 rows to nse500_data/RITES_day.csv
RADICO: Saved 1508 rows to nse500_data/RADICO_day.csv
RVNL: Saved 1508 rows to nse500_data/RVNL_day.csv
RAILTEL: Saved 1217 rows to nse500_data/RAILTEL_day.csv
RAINBOW: Saved 923 rows to nse500_data/RAINBOW_day.csv
RKFORGE: Saved 1508 rows to nse500_data/RKFORGE_day.csv
RCF: Saved 1508 rows to nse500_data/RCF_day.csv
REDINGTON: Saved 1508 rows to nse500_data/REDINGTON_day.csv
RELIANCE: Saved 1508 rows to nse500_data/RELIANCE_day.csv
RELINFRA: Failed - Symbol BSE:RELINFRA not found. Did you fetch instruments?
RPOWER: Saved 1508 rows to nse500_data/RPOWER_day.csv
SBFC: Saved 607 rows to nse500_data/SBFC_day.csv
SBICARD: Saved 1456 rows to nse500_data/SBICARD_day.csv
SBILIFE: Saved 1508 rows to nse500_data/SBILIFE_day.csv
SJVN: Saved 1508 rows to nse500_data/SJVN_day.csv
SKFINDIA: Saved 1508 rows to nse500_data/SKFINDIA_day.csv
SRF: Saved 1508 rows to nse500_data/SRF_day.csv
SAGILITY: Saved 298 rows to nse500_data/SAGILITY_day.csv
SAILIFE: Saved 274 rows to nse500_data/SAILIFE_day.csv
SAMMAANCAP: Saved 1508 rows to nse500_data/SAMMAANCAP_day.csv
MOTHERSON: Saved 1508 rows to nse500_data/MOTHERSON_day.csv
SAPPHIRE: Saved 1039 rows to nse500_data/SAPPHIRE_day.csv
SARDAEN: Saved 1508 rows to nse500_data/SARDAEN_day.csv
SAREGAMA: Saved 1508 rows to nse500_data/SAREGAMA_day.csv
SCHAEFFLER: Saved 1508 rows to nse500_data/SCHAEFFLER_day.csv
SCHNEIDER: Saved 1508 rows to nse500_data/SCHNEIDER_day.csv
SCI: Saved 1508 rows to nse500_data/SCI_day.csv
SHREECEM: Saved 1508 rows to nse500_data/SHREECEM_day.csv
SHRIRAMFIN: Saved 1508 rows to nse500_data/SHRIRAMFIN_day.csv
SHYAMMETL: Saved 1139 rows to nse500_data/SHYAMMETL_day.csv
ENRIN: Saved 150 rows to nse500_data/ENRIN_day.csv
SIEMENS: Saved 1508 rows to nse500_data/SIEMENS_day.csv
SIGNATURE: Saved 578 rows to nse500_data/SIGNATURE_day.csv
SOBHA: Saved 1508 rows to nse500_data/SOBHA_day.csv
SOLARINDS: Saved 1508 rows to nse500_data/SOLARINDS_day.csv
SONACOMS: Saved 1139 rows to nse500_data/SONACOMS_day.csv
SONATSOFTW: Saved 1508 rows to nse500_data/SONATSOFTW_day.csv
STARHEALTH: Saved 1024 rows to nse500_data/STARHEALTH_day.csv
SBIN: Saved 1508 rows to nse500_data/SBIN_day.csv
SAIL: Saved 1508 rows to nse500_data/SAIL_day.csv
SUMICHEM: Saved 1490 rows to nse500_data/SUMICHEM_day.csv
SUNPHARMA: Saved 1508 rows to nse500_data/SUNPHARMA_day.csv
SUNTV: Saved 1508 rows to nse500_data/SUNTV_day.csv
SUNDARMFIN: Saved 1508 rows to nse500_data/SUNDARMFIN_day.csv
SUNDRMFAST: Saved 1508 rows to nse500_data/SUNDRMFAST_day.csv
SUPREMEIND: Saved 1508 rows to nse500_data/SUPREMEIND_day.csv
SUZLON: Saved 1508 rows to nse500_data/SUZLON_day.csv
SWANCORP: Saved 1508 rows to nse500_data/SWANCORP_day.csv
SWIGGY: Saved 297 rows to nse500_data/SWIGGY_day.csv
SYNGENE: Saved 1508 rows to nse500_data/SYNGENE_day.csv
SYRMA: Saved 847 rows to nse500_data/SYRMA_day.csv
TBOTEK: Saved 423 rows to nse500_data/TBOTEK_day.csv
TVSMOTOR: Saved 1508 rows to nse500_data/TVSMOTOR_day.csv
TATACHEM: Saved 1508 rows to nse500_data/TATACHEM_day.csv
TATACOMM: Saved 1508 rows to nse500_data/TATACOMM_day.csv
TCS: Saved 1508 rows to nse500_data/TCS_day.csv
TATACONSUM: Saved 1508 rows to nse500_data/TATACONSUM_day.csv
TATAELXSI: Saved 1508 rows to nse500_data/TATAELXSI_day.csv
TATAINVEST: Saved 1508 rows to nse500_data/TATAINVEST_day.csv
TMPV: Saved 1508 rows to nse500_data/TMPV_day.csv
TATAPOWER: Saved 1508 rows to nse500_data/TATAPOWER_day.csv
TATASTEEL: Saved 1508 rows to nse500_data/TATASTEEL_day.csv
TATATECH: Saved 535 rows to nse500_data/TATATECH_day.csv
TTML: Saved 1508 rows to nse500_data/TTML_day.csv
TECHM: Saved 1508 rows to nse500_data/TECHM_day.csv
TECHNOE: Saved 1508 rows to nse500_data/TECHNOE_day.csv
TEJASNET: Saved 1508 rows to nse500_data/TEJASNET_day.csv
NIACL: Saved 1508 rows to nse500_data/NIACL_day.csv
RAMCOCEM: Saved 1508 rows to nse500_data/RAMCOCEM_day.csv
THERMAX: Saved 1508 rows to nse500_data/THERMAX_day.csv
TIMKEN: Saved 1508 rows to nse500_data/TIMKEN_day.csv
TITAGARH: Saved 1508 rows to nse500_data/TITAGARH_day.csv
TITAN: Saved 1508 rows to nse500_data/TITAN_day.csv
TORNTPHARM: Saved 1508 rows to nse500_data/TORNTPHARM_day.csv
TORNTPOWER: Saved 1508 rows to nse500_data/TORNTPOWER_day.csv
TARIL: Saved 1508 rows to nse500_data/TARIL_day.csv
TRENT: Saved 1508 rows to nse500_data/TRENT_day.csv
TRIDENT: Saved 1508 rows to nse500_data/TRIDENT_day.csv
TRIVENI: Saved 1508 rows to nse500_data/TRIVENI_day.csv
TRITURBINE: Saved 1508 rows to nse500_data/TRITURBINE_day.csv
TIINDIA: Saved 1508 rows to nse500_data/TIINDIA_day.csv
UCOBANK: Saved 1508 rows to nse500_data/UCOBANK_day.csv
UNOMINDA: Saved 1508 rows to nse500_data/UNOMINDA_day.csv
UPL: Saved 1508 rows to nse500_data/UPL_day.csv
UTIAMC: Saved 1313 rows to nse500_data/UTIAMC_day.csv
ULTRACEMCO: Saved 1508 rows to nse500_data/ULTRACEMCO_day.csv
UNIONBANK: Saved 1508 rows to nse500_data/UNIONBANK_day.csv
UBL: Saved 1508 rows to nse500_data/UBL_day.csv
UNITDSPR: Saved 1508 rows to nse500_data/UNITDSPR_day.csv
USHAMART: Saved 1508 rows to nse500_data/USHAMART_day.csv
VGUARD: Saved 1508 rows to nse500_data/VGUARD_day.csv
DBREALTY: Saved 1508 rows to nse500_data/DBREALTY_day.csv
VTL: Saved 1508 rows to nse500_data/VTL_day.csv
VBL: Saved 1508 rows to nse500_data/VBL_day.csv
MANYAVAR: Saved 977 rows to nse500_data/MANYAVAR_day.csv
VEDL: Saved 1508 rows to nse500_data/VEDL_day.csv
VENTIVE: Saved 267 rows to nse500_data/VENTIVE_day.csv
VIJAYA: Saved 1084 rows to nse500_data/VIJAYA_day.csv
VMM: Saved 274 rows to nse500_data/VMM_day.csv
IDEA: Saved 1508 rows to nse500_data/IDEA_day.csv
VOLTAS: Saved 1508 rows to nse500_data/VOLTAS_day.csv
WAAREEENER: Saved 309 rows to nse500_data/WAAREEENER_day.csv
WELCORP: Saved 1508 rows to nse500_data/WELCORP_day.csv
WELSPUNLIV: Saved 1508 rows to nse500_data/WELSPUNLIV_day.csv
WHIRLPOOL: Saved 1508 rows to nse500_data/WHIRLPOOL_day.csv
WIPRO: Saved 1508 rows to nse500_data/WIPRO_day.csv
WOCKPHARMA: Saved 1508 rows to nse500_data/WOCKPHARMA_day.csv
YESBANK: Saved 1508 rows to nse500_data/YESBANK_day.csv
ZFCVINDIA: Saved 1508 rows to nse500_data/ZFCVINDIA_day.csv
ZEEL: Saved 1508 rows to nse500_data/ZEEL_day.csv
ZENTEC: Saved 1508 rows to nse500_data/ZENTEC_day.csv
ZENSARTECH: Saved 1508 rows to nse500_data/ZENSARTECH_day.csv
ZYDUSLIFE: Saved 1508 rows to nse500_data/ZYDUSLIFE_day.csv
ECLERX: Saved 1508 rows to nse500_data/ECLERX_day.csv
Completed day. Succeeded: 499, Failed: 1
Symbols with errors: RELINFRA

Fetching 60minute data from 2025-10-26 to 2026-01-24 ...
360ONE: No new data returned, skipping
3MINDIA: No new data returned, skipping
ABB: No new data returned, skipping
ACC: No new data returned, skipping
ACMESOLAR: No new data returned, skipping
AIAENG: No new data returned, skipping
APLAPOLLO: No new data returned, skipping
AUBANK: No new data returned, skipping
AWL: No new data returned, skipping
AADHARHFC: No new data returned, skipping
AARTIIND: No new data returned, skipping
AAVAS: No new data returned, skipping
ABBOTINDIA: No new data returned, skipping
ACE: No new data returned, skipping
ADANIENSOL: No new data returned, skipping
ADANIENT: No new data returned, skipping
ADANIGREEN: No new data returned, skipping
ADANIPORTS: No new data returned, skipping
ADANIPOWER: No new data returned, skipping
ATGL: No new data returned, skipping
ABCAPITAL: No new data returned, skipping
ABFRL: No new data returned, skipping
ABLBL: No new data returned, skipping
ABREL: No new data returned, skipping
ABSLAMC: No new data returned, skipping
AEGISLOG: No new data returned, skipping
AEGISVOPAK: No new data returned, skipping
AFCONS: No new data returned, skipping
AFFLE: No new data returned, skipping
AJANTPHARM: No new data returned, skipping
AKUMS: No new data returned, skipping
AKZOINDIA: No new data returned, skipping
APLLTD: No new data returned, skipping
ALKEM: No new data returned, skipping
ALKYLAMINE: No new data returned, skipping
ALOKINDS: No new data returned, skipping
ARE&M: No new data returned, skipping
AMBER: No new data returned, skipping
AMBUJACEM: No new data returned, skipping
ANANDRATHI: No new data returned, skipping
ANANTRAJ: No new data returned, skipping
ANGELONE: No new data returned, skipping
APARINDS: No new data returned, skipping
APOLLOHOSP: No new data returned, skipping
APOLLOTYRE: No new data returned, skipping
APTUS: No new data returned, skipping
ASAHIINDIA: No new data returned, skipping
ASHOKLEY: No new data returned, skipping
ASIANPAINT: No new data returned, skipping
ASTERDM: No new data returned, skipping
ASTRAZEN: No new data returned, skipping
ASTRAL: No new data returned, skipping
ATHERENERG: No new data returned, skipping
ATUL: No new data returned, skipping
AUROPHARMA: No new data returned, skipping
AIIL: No new data returned, skipping
DMART: No new data returned, skipping
AXISBANK: No new data returned, skipping
BASF: No new data returned, skipping
BEML: No new data returned, skipping
BLS: No new data returned, skipping
BSE: No new data returned, skipping
BAJAJ-AUTO: No new data returned, skipping
BAJFINANCE: No new data returned, skipping
BAJAJFINSV: No new data returned, skipping
BAJAJHLDNG: No new data returned, skipping
BAJAJHFL: No new data returned, skipping
BALKRISIND: No new data returned, skipping
BALRAMCHIN: No new data returned, skipping
BANDHANBNK: No new data returned, skipping
BANKBARODA: No new data returned, skipping
BANKINDIA: No new data returned, skipping
MAHABANK: No new data returned, skipping
BATAINDIA: No new data returned, skipping
BAYERCROP: No new data returned, skipping
BERGEPAINT: No new data returned, skipping
BDL: No new data returned, skipping
BEL: No new data returned, skipping
BHARATFORG: No new data returned, skipping
BHEL: No new data returned, skipping
BPCL: No new data returned, skipping
BHARTIARTL: No new data returned, skipping
BHARTIHEXA: No new data returned, skipping
BIKAJI: No new data returned, skipping
BIOCON: No new data returned, skipping
BSOFT: No new data returned, skipping
BLUEDART: No new data returned, skipping
BLUEJET: No new data returned, skipping
BLUESTARCO: No new data returned, skipping
BBTC: No new data returned, skipping
BOSCHLTD: No new data returned, skipping
FIRSTCRY: No new data returned, skipping
BRIGADE: No new data returned, skipping
BRITANNIA: No new data returned, skipping
MAPMYINDIA: No new data returned, skipping
CCL: No new data returned, skipping
CESC: No new data returned, skipping
CGPOWER: No new data returned, skipping
CRISIL: No new data returned, skipping
CAMPUS: No new data returned, skipping
CANFINHOME: No new data returned, skipping
CANBK: No new data returned, skipping
CAPLIPOINT: No new data returned, skipping
CGCL: No new data returned, skipping
CARBORUNIV: No new data returned, skipping
CASTROLIND: No new data returned, skipping
CEATLTD: No new data returned, skipping
CENTRALBK: No new data returned, skipping
CDSL: No new data returned, skipping
CENTURYPLY: No new data returned, skipping
CERA: No new data returned, skipping
CHALET: No new data returned, skipping
CHAMBLFERT: No new data returned, skipping
CHENNPETRO: No new data returned, skipping
CHOICEIN: No new data returned, skipping
CHOLAHLDNG: No new data returned, skipping
CHOLAFIN: No new data returned, skipping
CIPLA: No new data returned, skipping
CUB: No new data returned, skipping
CLEAN: No new data returned, skipping
COALINDIA: No new data returned, skipping
COCHINSHIP: No new data returned, skipping
COFORGE: No new data returned, skipping
COHANCE: No new data returned, skipping
COLPAL: No new data returned, skipping
CAMS: No new data returned, skipping
CONCORDBIO: No new data returned, skipping
CONCOR: No new data returned, skipping
COROMANDEL: No new data returned, skipping
CRAFTSMAN: No new data returned, skipping
CREDITACC: No new data returned, skipping
CROMPTON: No new data returned, skipping
CUMMINSIND: No new data returned, skipping
CYIENT: No new data returned, skipping
DCMSHRIRAM: No new data returned, skipping
DLF: No new data returned, skipping
DOMS: No new data returned, skipping
DABUR: No new data returned, skipping
DALBHARAT: No new data returned, skipping
DATAPATTNS: No new data returned, skipping
DEEPAKFERT: No new data returned, skipping
DEEPAKNTR: No new data returned, skipping
DELHIVERY: No new data returned, skipping
DEVYANI: No new data returned, skipping
DIVISLAB: No new data returned, skipping
DIXON: No new data returned, skipping
AGARWALEYE: No new data returned, skipping
LALPATHLAB: No new data returned, skipping
DRREDDY: No new data returned, skipping
EIDPARRY: No new data returned, skipping
EIHOTEL: No new data returned, skipping
EICHERMOT: No new data returned, skipping
ELECON: No new data returned, skipping
ELGIEQUIP: No new data returned, skipping
EMAMILTD: No new data returned, skipping
EMCURE: No new data returned, skipping
ENDURANCE: No new data returned, skipping
ENGINERSIN: No new data returned, skipping
ERIS: No new data returned, skipping
ESCORTS: No new data returned, skipping
ETERNAL: No new data returned, skipping
EXIDEIND: No new data returned, skipping
NYKAA: No new data returned, skipping
FEDERALBNK: No new data returned, skipping
FACT: No new data returned, skipping
FINCABLES: No new data returned, skipping
FINPIPE: No new data returned, skipping
FSL: No new data returned, skipping
FIVESTAR: No new data returned, skipping
FORCEMOT: No new data returned, skipping
FORTIS: No new data returned, skipping
GAIL: No new data returned, skipping
GVT&D: No new data returned, skipping
GMRAIRPORT: No new data returned, skipping
GRSE: No new data returned, skipping
GICRE: No new data returned, skipping
GILLETTE: No new data returned, skipping
GLAND: No new data returned, skipping
GLAXO: No new data returned, skipping
GLENMARK: No new data returned, skipping
MEDANTA: No new data returned, skipping
GODIGIT: No new data returned, skipping
GPIL: No new data returned, skipping
GODFRYPHLP: No new data returned, skipping
GODREJAGRO: No new data returned, skipping
GODREJCP: No new data returned, skipping
GODREJIND: No new data returned, skipping
GODREJPROP: No new data returned, skipping
GRANULES: No new data returned, skipping
GRAPHITE: No new data returned, skipping
GRASIM: No new data returned, skipping
GRAVITA: No new data returned, skipping
GESHIP: No new data returned, skipping
FLUOROCHEM: No new data returned, skipping
GUJGASLTD: No new data returned, skipping
GMDCLTD: No new data returned, skipping
GSPL: No new data returned, skipping
HEG: No new data returned, skipping
HBLENGINE: No new data returned, skipping
HCLTECH: No new data returned, skipping
HDFCAMC: No new data returned, skipping
HDFCBANK: No new data returned, skipping
HDFCLIFE: No new data returned, skipping
HFCL: No new data returned, skipping
HAPPSTMNDS: No new data returned, skipping
HAVELLS: No new data returned, skipping
HEROMOTOCO: No new data returned, skipping
HEXT: No new data returned, skipping
HSCL: No new data returned, skipping
HINDALCO: No new data returned, skipping
HAL: No new data returned, skipping
HINDCOPPER: No new data returned, skipping
HINDPETRO: No new data returned, skipping
HINDUNILVR: No new data returned, skipping
HINDZINC: No new data returned, skipping
POWERINDIA: No new data returned, skipping
HOMEFIRST: No new data returned, skipping
HONASA: No new data returned, skipping
HONAUT: No new data returned, skipping
HUDCO: No new data returned, skipping
HYUNDAI: No new data returned, skipping
ICICIBANK: No new data returned, skipping
ICICIGI: No new data returned, skipping
ICICIPRULI: No new data returned, skipping
IDBI: No new data returned, skipping
IDFCFIRSTB: No new data returned, skipping
IFCI: No new data returned, skipping
IIFL: No new data returned, skipping
INOXINDIA: No new data returned, skipping
IRB: No new data returned, skipping
IRCON: No new data returned, skipping
ITCHOTELS: No new data returned, skipping
ITC: No new data returned, skipping
ITI: No new data returned, skipping
INDGN: No new data returned, skipping
INDIACEM: No new data returned, skipping
INDIAMART: No new data returned, skipping
INDIANB: No new data returned, skipping
IEX: No new data returned, skipping
INDHOTEL: No new data returned, skipping
IOC: No new data returned, skipping
IOB: No new data returned, skipping
IRCTC: No new data returned, skipping
IRFC: No new data returned, skipping
IREDA: No new data returned, skipping
IGL: No new data returned, skipping
INDUSTOWER: No new data returned, skipping
INDUSINDBK: No new data returned, skipping
NAUKRI: No new data returned, skipping
INFY: No new data returned, skipping
INOXWIND: No new data returned, skipping
INTELLECT: No new data returned, skipping
INDIGO: No new data returned, skipping
IGIL: No new data returned, skipping
IKS: No new data returned, skipping
IPCALAB: No new data returned, skipping
JBCHEPHARM: No new data returned, skipping
JKCEMENT: No new data returned, skipping
JBMA: No new data returned, skipping
JKTYRE: No new data returned, skipping
JMFINANCIL: No new data returned, skipping
JSWENERGY: No new data returned, skipping
JSWINFRA: No new data returned, skipping
JSWSTEEL: No new data returned, skipping
JPPOWER: No new data returned, skipping
J&KBANK: No new data returned, skipping
JINDALSAW: No new data returned, skipping
JSL: No new data returned, skipping
JINDALSTEL: No new data returned, skipping
JIOFIN: No new data returned, skipping
JUBLFOOD: No new data returned, skipping
JUBLINGREA: No new data returned, skipping
JUBLPHARMA: No new data returned, skipping
JWL: No new data returned, skipping
JYOTHYLAB: No new data returned, skipping
JYOTICNC: No new data returned, skipping
KPRMILL: No new data returned, skipping
KEI: No new data returned, skipping
KPITTECH: No new data returned, skipping
KSB: No new data returned, skipping
KAJARIACER: No new data returned, skipping
KPIL: No new data returned, skipping
KALYANKJIL: No new data returned, skipping
KARURVYSYA: No new data returned, skipping
KAYNES: No new data returned, skipping
KEC: No new data returned, skipping
KFINTECH: No new data returned, skipping
KIRLOSBROS: No new data returned, skipping
KIRLOSENG: No new data returned, skipping
KOTAKBANK: No new data returned, skipping
KIMS: No new data returned, skipping
LTF: No new data returned, skipping
LTTS: No new data returned, skipping
LICHSGFIN: No new data returned, skipping
LTFOODS: No new data returned, skipping
LTIM: No new data returned, skipping
LT: No new data returned, skipping
LATENTVIEW: No new data returned, skipping
LAURUSLABS: No new data returned, skipping
THELEELA: No new data returned, skipping
LEMONTREE: No new data returned, skipping
LICI: No new data returned, skipping
LINDEINDIA: No new data returned, skipping
LLOYDSME: No new data returned, skipping
LODHA: No new data returned, skipping
LUPIN: No new data returned, skipping
MMTC: No new data returned, skipping
MRF: No new data returned, skipping
MGL: No new data returned, skipping
MAHSCOOTER: No new data returned, skipping
MAHSEAMLES: No new data returned, skipping
M&MFIN: No new data returned, skipping
M&M: No new data returned, skipping
MANAPPURAM: No new data returned, skipping
MRPL: No new data returned, skipping
MANKIND: No new data returned, skipping
MARICO: No new data returned, skipping
MARUTI: No new data returned, skipping
MFSL: No new data returned, skipping
MAXHEALTH: No new data returned, skipping
MAZDOCK: No new data returned, skipping
METROPOLIS: No new data returned, skipping
MINDACORP: No new data returned, skipping
MSUMI: No new data returned, skipping
MOTILALOFS: No new data returned, skipping
MPHASIS: No new data returned, skipping
MCX: No new data returned, skipping
MUTHOOTFIN: No new data returned, skipping
NATCOPHARM: No new data returned, skipping
NBCC: No new data returned, skipping
NCC: No new data returned, skipping
NHPC: No new data returned, skipping
NLCINDIA: No new data returned, skipping
NMDC: No new data returned, skipping
NSLNISP: No new data returned, skipping
NTPCGREEN: No new data returned, skipping
NTPC: No new data returned, skipping
NH: No new data returned, skipping
NATIONALUM: No new data returned, skipping
NAVA: No new data returned, skipping
NAVINFLUOR: No new data returned, skipping
NESTLEIND: No new data returned, skipping
NETWEB: No new data returned, skipping
NEULANDLAB: No new data returned, skipping
NEWGEN: No new data returned, skipping
NAM-INDIA: No new data returned, skipping
NIVABUPA: No new data returned, skipping
NUVAMA: No new data returned, skipping
NUVOCO: No new data returned, skipping
OBEROIRLTY: No new data returned, skipping
ONGC: No new data returned, skipping
OIL: No new data returned, skipping
OLAELEC: No new data returned, skipping
OLECTRA: No new data returned, skipping
PAYTM: No new data returned, skipping
ONESOURCE: No new data returned, skipping
OFSS: No new data returned, skipping
POLICYBZR: No new data returned, skipping
PCBL: No new data returned, skipping
PGEL: No new data returned, skipping
PIIND: No new data returned, skipping
PNBHOUSING: No new data returned, skipping
PTCIL: No new data returned, skipping
PVRINOX: No new data returned, skipping
PAGEIND: No new data returned, skipping
PATANJALI: No new data returned, skipping
PERSISTENT: No new data returned, skipping
PETRONET: No new data returned, skipping
PFIZER: No new data returned, skipping
PHOENIXLTD: No new data returned, skipping
PIDILITIND: No new data returned, skipping
PPLPHARMA: No new data returned, skipping
POLYMED: No new data returned, skipping
POLYCAB: No new data returned, skipping
POONAWALLA: No new data returned, skipping
PFC: No new data returned, skipping
POWERGRID: No new data returned, skipping
PRAJIND: No new data returned, skipping
PREMIERENE: No new data returned, skipping
PRESTIGE: No new data returned, skipping
PGHH: No new data returned, skipping
PNB: No new data returned, skipping
RRKABEL: No new data returned, skipping
RBLBANK: No new data returned, skipping
RECLTD: No new data returned, skipping
RHIM: No new data returned, skipping
RITES: No new data returned, skipping
RADICO: No new data returned, skipping
RVNL: No new data returned, skipping
RAILTEL: No new data returned, skipping
RAINBOW: No new data returned, skipping
RKFORGE: No new data returned, skipping
RCF: No new data returned, skipping
REDINGTON: No new data returned, skipping
RELIANCE: No new data returned, skipping
RELINFRA: Failed - Symbol BSE:RELINFRA not found. Did you fetch instruments?
RPOWER: No new data returned, skipping
SBFC: No new data returned, skipping
SBICARD: No new data returned, skipping
SBILIFE: No new data returned, skipping
SJVN: No new data returned, skipping
SKFINDIA: No new data returned, skipping
SRF: No new data returned, skipping
SAGILITY: No new data returned, skipping
SAILIFE: No new data returned, skipping
SAMMAANCAP: No new data returned, skipping
MOTHERSON: No new data returned, skipping
SAPPHIRE: No new data returned, skipping
SARDAEN: No new data returned, skipping
SAREGAMA: No new data returned, skipping
SCHAEFFLER: No new data returned, skipping
SCHNEIDER: No new data returned, skipping
SCI: No new data returned, skipping
SHREECEM: No new data returned, skipping
SHRIRAMFIN: No new data returned, skipping
SHYAMMETL: No new data returned, skipping
ENRIN: No new data returned, skipping
SIEMENS: No new data returned, skipping
SIGNATURE: No new data returned, skipping
SOBHA: No new data returned, skipping
SOLARINDS: No new data returned, skipping
SONACOMS: No new data returned, skipping
SONATSOFTW: No new data returned, skipping
STARHEALTH: No new data returned, skipping
SBIN: No new data returned, skipping
SAIL: No new data returned, skipping
SUMICHEM: No new data returned, skipping
SUNPHARMA: No new data returned, skipping
SUNTV: No new data returned, skipping
SUNDARMFIN: No new data returned, skipping
SUNDRMFAST: No new data returned, skipping
SUPREMEIND: No new data returned, skipping
SUZLON: No new data returned, skipping
SWANCORP: No new data returned, skipping
SWIGGY: No new data returned, skipping
SYNGENE: No new data returned, skipping
SYRMA: No new data returned, skipping
TBOTEK: No new data returned, skipping
TVSMOTOR: No new data returned, skipping
TATACHEM: No new data returned, skipping
TATACOMM: No new data returned, skipping
TCS: No new data returned, skipping
TATACONSUM: No new data returned, skipping
TATAELXSI: No new data returned, skipping
TATAINVEST: No new data returned, skipping
TMPV: No new data returned, skipping
TATAPOWER: No new data returned, skipping
TATASTEEL: No new data returned, skipping
TATATECH: No new data returned, skipping
TTML: No new data returned, skipping
TECHM: No new data returned, skipping
TECHNOE: No new data returned, skipping
TEJASNET: No new data returned, skipping
NIACL: No new data returned, skipping
RAMCOCEM: No new data returned, skipping
THERMAX: No new data returned, skipping
TIMKEN: No new data returned, skipping
TITAGARH: No new data returned, skipping
TITAN: No new data returned, skipping
TORNTPHARM: No new data returned, skipping
TORNTPOWER: No new data returned, skipping
TARIL: No new data returned, skipping
TRENT: No new data returned, skipping
TRIDENT: No new data returned, skipping
TRIVENI: No new data returned, skipping
TRITURBINE: No new data returned, skipping
TIINDIA: No new data returned, skipping
UCOBANK: No new data returned, skipping
UNOMINDA: No new data returned, skipping
UPL: No new data returned, skipping
UTIAMC: No new data returned, skipping
ULTRACEMCO: No new data returned, skipping
UNIONBANK: No new data returned, skipping
UBL: No new data returned, skipping
UNITDSPR: No new data returned, skipping
USHAMART: No new data returned, skipping
VGUARD: No new data returned, skipping
DBREALTY: No new data returned, skipping
VTL: No new data returned, skipping
VBL: No new data returned, skipping
MANYAVAR: No new data returned, skipping
VEDL: No new data returned, skipping
VENTIVE: No new data returned, skipping
VIJAYA: No new data returned, skipping
VMM: No new data returned, skipping
IDEA: No new data returned, skipping
VOLTAS: No new data returned, skipping
WAAREEENER: No new data returned, skipping
WELCORP: No new data returned, skipping
WELSPUNLIV: No new data returned, skipping
WHIRLPOOL: No new data returned, skipping
WIPRO: No new data returned, skipping
WOCKPHARMA: No new data returned, skipping
YESBANK: No new data returned, skipping
ZFCVINDIA: No new data returned, skipping
ZEEL: No new data returned, skipping
ZENTEC: No new data returned, skipping
ZENSARTECH: No new data returned, skipping
ZYDUSLIFE: No new data returned, skipping
ECLERX: No new data returned, skipping
Completed 60minute. Succeeded: 0, Failed: 1
Symbols with errors: RELINFRA

Summary of failures:
day: RELINFRA
60minute: RELINFRA
