  pct_above_200   21 D1_four_bucket  IS  0.94/ 0.88  OOS  0.72/ 0.71
  pct_above_200   21 D2_two_bucket   IS  0.64/ 0.82  OOS  0.85/ 0.69
  pct_above_200   21 D3_continuous   IS  0.92/ 0.82  OOS  0.72/ 0.69
  pct_above_200   42 D1_four_bucket  IS  1.05/ 0.88  OOS  0.91/ 0.71
  pct_above_200   42 D2_two_bucket   IS  0.66/ 0.82  OOS  1.05/ 0.67
  pct_above_200   42 D3_continuous   IS  0.92/ 0.83  OOS  0.63/ 0.69
  pct_above_200   63 D1_four_bucket  IS  1.19/ 0.88  OOS  0.90/ 0.72
  pct_above_200   63 D2_two_bucket   IS  1.03/ 0.84  OOS  1.09/ 0.69
  pct_above_200   63 D3_continuous   IS  1.00/ 0.84  OOS  0.82/ 0.69
  pct_above_200  126 D1_four_bucket  IS  1.03/ 0.88  OOS  0.53/ 0.71
  pct_above_200  126 D2_two_bucket   IS  0.85/ 0.83  OOS  0.57/ 0.69
  pct_above_200  126 D3_continuous   IS  0.92/ 0.84  OOS  0.54/ 0.68
  pct_leading     21 D1_four_bucket  IS  1.11/ 0.91  OOS  0.58/ 0.70
  pct_leading     21 D2_two_bucket   IS  0.90/ 0.89  OOS  0.49/ 0.70
  pct_leading     21 D3_continuous   IS  0.89/ 0.87  OOS  0.59/ 0.68
  pct_leading     42 D1_four_bucket  IS  1.16/ 0.89  OOS  0.67/ 0.70
  pct_leading     42 D2_two_bucket   IS  0.99/ 0.84  OOS  0.70/ 0.71
  pct_leading     42 D3_continuous   IS  0.86/ 0.86  OOS  0.68/ 0.70
  pct_leading     63 D1_four_bucket  IS  1.04/ 0.91  OOS  0.63/ 0.72
  pct_leading     63 D2_two_bucket   IS  0.88/ 0.86  OOS  0.75/ 0.69
  pct_leading     63 D3_continuous   IS  0.80/ 0.87  OOS  0.58/ 0.69
  pct_leading    126 D1_four_bucket  IS  1.07/ 0.91  OOS  0.65/ 0.72
  pct_leading    126 D2_two_bucket   IS  0.98/ 0.87  OOS  0.78/ 0.69
  pct_leading    126 D3_continuous   IS  0.83/ 0.86  OOS  0.74/ 0.69
  net_highs       21 D1_four_bucket  IS  0.76/ 0.88  OOS  0.61/ 0.71
  net_highs       21 D2_two_bucket   IS  0.65/ 0.83  OOS  0.79/ 0.69
  net_highs       21 D3_continuous   IS  0.78/ 0.82  OOS  0.71/ 0.69
  net_highs       42 D1_four_bucket  IS  1.03/ 0.88  OOS  0.61/ 0.71
  net_highs       42 D2_two_bucket   IS  0.88/ 0.83  OOS  0.63/ 0.69
  net_highs       42 D3_continuous   IS  1.02/ 0.84  OOS  0.60/ 0.69
  net_highs       63 D1_four_bucket  IS  0.84/ 0.88  OOS  0.73/ 0.71
  net_highs       63 D2_two_bucket   IS  0.88/ 0.85  OOS  0.71/ 0.68
  net_highs       63 D3_continuous   IS  0.84/ 0.85  OOS  0.56/ 0.68
  net_highs      126 D1_four_bucket  IS  1.11/ 0.91  OOS  0.62/ 0.72
  net_highs      126 D2_two_bucket   IS  1.00/ 0.88  OOS  0.69/ 0.69
  net_highs      126 D3_continuous   IS  0.82/ 0.87  OOS  0.65/ 0.68
  pct_above_50    21 D1_four_bucket  IS  1.05/ 0.88  OOS  0.70/ 0.71
  pct_above_50    21 D2_two_bucket   IS  0.73/ 0.83  OOS  0.45/ 0.67
  pct_above_50    21 D3_continuous   IS  0.83/ 0.79  OOS  0.67/ 0.66
  pct_above_50    42 D1_four_bucket  IS  0.96/ 0.86  OOS  0.50/ 0.70
  pct_above_50    42 D2_two_bucket   IS  0.45/ 0.79  OOS  0.36/ 0.66
  pct_above_50    42 D3_continuous   IS  0.75/ 0.79  OOS  0.18/ 0.66
  pct_above_50    63 D1_four_bucket  IS  0.96/ 0.88  OOS  0.75/ 0.69
  pct_above_50    63 D2_two_bucket   IS  0.89/ 0.84  OOS  0.81/ 0.66
  pct_above_50    63 D3_continuous   IS  0.94/ 0.81  OOS  0.38/ 0.66
  pct_above_50   126 D1_four_bucket  IS  1.09/ 0.88  OOS  0.71/ 0.69
  pct_above_50   126 D2_two_bucket   IS  1.18/ 0.86  OOS  0.64/ 0.63
  pct_above_50   126 D3_continuous   IS  1.03/ 0.85  OOS  0.53/ 0.68
  composite       21 D1_four_bucket  IS  1.10/ 0.91  OOS  0.64/ 0.70
  composite       21 D2_two_bucket   IS  1.09/ 0.88  OOS  0.62/ 0.70
  composite       21 D3_continuous   IS  0.97/ 0.85  OOS  0.62/ 0.69
  composite       42 D1_four_bucket  IS  1.22/ 0.91  OOS  0.59/ 0.71
  composite       42 D2_two_bucket   IS  1.05/ 0.87  OOS  0.69/ 0.69
  composite       42 D3_continuous   IS  0.96/ 0.86  OOS  0.04/ 0.68
  composite       63 D1_four_bucket  IS  1.04/ 0.90  OOS  0.83/ 0.71
  composite       63 D2_two_bucket   IS  0.91/ 0.87  OOS  0.96/ 0.70
  composite       63 D3_continuous   IS  0.94/ 0.86  OOS  0.72/ 0.69
  composite      126 D1_four_bucket  IS  1.18/ 0.91  OOS  0.54/ 0.72
  composite      126 D2_two_bucket   IS  1.10/ 0.87  OOS  0.49/ 0.68
  composite      126 D3_continuous   IS  1.05/ 0.87  OOS  0.57/ 0.69
  HYST  5 pct_above_200   63 D2_two_bucket   OOS  0.75/ 0.67
  HYST 10 pct_above_200   63 D2_two_bucket   OOS  0.69/ 0.68
  HYST 21 pct_above_200   63 D2_two_bucket   OOS  0.65/ 0.67
  HYST  5 pct_above_200   42 D2_two_bucket   OOS  1.02/ 0.69
  HYST 10 pct_above_200   42 D2_two_bucket   OOS  0.80/ 0.68
  HYST 21 pct_above_200   42 D2_two_bucket   OOS  0.53/ 0.66
  HYST  5 composite       63 D2_two_bucket   OOS  0.94/ 0.69
  HYST 10 composite       63 D2_two_bucket   OOS  0.67/ 0.69
  HYST 21 composite       63 D2_two_bucket   OOS  0.76/ 0.68

=== §2 summary ===
trials                       69
always-on OOS Sharpe         0.66
grid median OOS Sharpe       0.67   sd 0.173
grid median OOS edge         -0.02   sd 0.170
best OOS Sharpe              1.09
best OOS edge                0.40
Gumbel E[max] edge           0.40
Gumbel E[max] sharpe         1.09
beating always-on OOS        35 of 69
beating own control OOS      30 of 69

top 10 by OOS edge:
       signal  window          shape  hyst  is_sharpe  is_c_sharpe  oos_cagr  oos_maxdd  oos_sharpe  oos_c_sharpe  oos_edge  oos_mean_w  oos_chg_yr
pct_above_200      63  D2_two_bucket     0   1.031359     0.840833  0.242502   0.371263    1.085967      0.687280  0.398687    0.622246    8.420210
pct_above_200      42  D2_two_bucket     0   0.660695     0.817453  0.235700   0.344152    1.046631      0.674903  0.371728    0.586041   12.068968
pct_above_200      42  D2_two_bucket     5   0.931605     0.828213  0.238771   0.355326    1.019553      0.685196  0.334357    0.616140    4.677894
    composite      63  D2_two_bucket     0   0.906549     0.865092  0.228126   0.350975    0.964921      0.698462  0.266459    0.661287   24.512167
    composite      63  D2_two_bucket     5   1.140505     0.834476  0.221908   0.351446    0.936126      0.692910  0.243215    0.641003    4.116547
pct_above_200      42 D1_four_bucket     0   1.050353     0.878200  0.215584   0.363339    0.905474      0.713939  0.191535    0.715267   15.062820
pct_above_200      63 D1_four_bucket     0   1.193755     0.880905  0.213732   0.373671    0.903674      0.715723  0.187951    0.726827   11.226947
pct_above_200      21  D2_two_bucket     0   0.644999     0.824584  0.204044   0.323025    0.847634      0.686799  0.160835    0.620720   18.243788
 pct_above_50      63  D2_two_bucket     0   0.891764     0.843704  0.194971   0.345075    0.812301      0.663908  0.148393    0.558342   15.530610
pct_above_200      63  D3_continuous     0   0.995478     0.844243  0.182132   0.323671    0.823711      0.689041  0.134670    0.627937  136.313845
