                 mean     std     min     max   count first_valid
pct_above_200  0.5930  0.2346  0.0041  0.9915  5129.0  2006-01-02
pct_leading    0.2860  0.2385  0.0000  1.0000  5110.0  2006-01-31
net_highs      0.0228  0.0527 -0.2925  0.2488  5129.0  2006-01-02
breadth_dd    -0.3055  0.2517 -0.9957  0.0000  4930.0  2006-10-18
divergence     0.2257  0.1831 -0.3491  0.7117  4930.0  2006-10-18
dispersion     0.1185  0.0272  0.0652  0.3298  5129.0  2006-01-02
correlation    0.2597  0.0955  0.0801  0.5595  5129.0  2006-01-02
vol21          0.1724  0.1045  0.0443  0.8250  5129.0  2006-01-02
vol_ratio      1.1118  0.5661  0.3412  6.6323  5077.0  2006-03-21
trend_quality  0.6226  0.2257  0.0321  0.9892  5129.0  2006-01-02
part_skew      0.2687  1.3438 -5.0000  5.0000  5129.0  2006-01-02
turning points: {'peak': 14, 'trough': 14}
                    candidate  states  median_run  share_le5  flips_yr  lag_peaks  lag_troughs  cens_peaks  cens_troughs  bm_peaks  bm_troughs  bm_cens_p  bm_cens_t  n_ev_p  n_ev_t  n_runs       first        last     R1     R2     R3   pass
0  C1 hyst40/60 pct_above_200       2        99.0   0.000000  1.547055       32.0         62.0           1             4      32.0        62.0          1          4      14      14      33  2006-01-02  2026-09-09   True   True  False  False
1      C2 hyst40/60 composite       2        18.0   0.172043  4.623418        3.0         57.0           0             4      34.0        65.0          1          4      13      13      93  2006-10-16  2026-09-09  False  False  False  False
2    C3 asymmetric divergence       2         1.0   0.656489  6.284911       19.0         62.0           1             4      32.0        62.0          1          4      14      14     131  2006-01-02  2026-09-09  False  False  False  False
3               C4 kmeans k=2       2        78.0   0.081081  1.905376       22.5         46.0           0             4      34.0        65.0          0          4      12      12      37  2007-10-18  2026-09-09   True   True   True   True
4               C4 kmeans k=3       3        59.0   0.041667  2.487574       17.5         65.0           0             4      34.0        65.0          0          4      12      12      48  2007-10-18  2026-09-09  False   True  False  False
5               C4 kmeans k=4       4        58.0   0.000000  2.540501       17.0         64.0           0             4      34.0        65.0          0          4      12      12      49  2007-10-18  2026-09-09  False   True  False  False
6              C5 GMM k=2 all       2        40.0   0.000000  2.752210       20.0         52.5           0             4      34.0        65.0          0          4      12      12      53  2007-10-18  2026-09-09  False   True  False  False
7          C6 GMM k=2 breadth       2        81.0   0.040000  1.270251       23.5         40.0           0             5      34.0        65.0          0          4      12      12      25  2007-10-18  2026-09-09   True   True   True   True
8              C5 GMM k=3 all       3        36.5   0.021739  2.381720     -130.0         90.5           0             4      34.0        65.0          0          4      12      12      46  2007-10-18  2026-09-09  False   True  False  False
9          C6 GMM k=3 breadth       3        42.5   0.000000  2.170012      -96.0         66.0           0             5      34.0        65.0          0          4      12      12      42  2007-10-18  2026-09-09  False   True  False  False
            candidate     agree  catchup     n note   pass
0       C4 kmeans k=2  0.934430      0.0  3889        True
1  C6 GMM k=2 breadth  0.772178      0.0  3889       False
done
